[INFO] Scanning for projects...
[INFO] 
[INFO] ----------------------< com.library:api-gateway >-----------------------
[INFO] Building API Gateway 1.0.0
[INFO]   from pom.xml
[INFO] --------------------------------[ jar ]---------------------------------
[INFO] 
[INFO] >>> spring-boot:3.2.0:run (default-cli) > test-compile @ api-gateway >>>
[INFO] 
[INFO] --- resources:3.3.1:resources (default-resources) @ api-gateway ---
[INFO] Copying 1 resource from src\main\resources to target\classes
[INFO] Copying 0 resource from src\main\resources to target\classes
[INFO] 
[INFO] --- compiler:3.11.0:compile (default-compile) @ api-gateway ---
[INFO] Changes detected - recompiling the module! :input tree
[INFO] Compiling 3 source files with javac [debug release 21] to target\classes
[INFO] 
[INFO] --- resources:3.3.1:testResources (default-testResources) @ api-gateway ---
[INFO] skip non existing resourceDirectory C:\Users\2407071\Desktop\GenC-Project\Library-Management-System\api-gateway\src\test\resources
[INFO] 
[INFO] --- compiler:3.11.0:testCompile (default-testCompile) @ api-gateway ---
[INFO] No sources to compile
[INFO] 
[INFO] <<< spring-boot:3.2.0:run (default-cli) < test-compile @ api-gateway <<<
[INFO] 
[INFO] 
[INFO] --- spring-boot:3.2.0:run (default-cli) @ api-gateway ---
[INFO] Attaching agents: []

  .   ____          _            __ _ _
 /\\ / ___'_ __ _ _(_)_ __  __ _ \ \ \ \
( ( )\___ | '_ | '_| | '_ \/ _` | \ \ \ \
 \\/  ___)| |_)| | | | | || (_| |  ) ) ) )
  '  |____| .__|_| |_|_| |_\__, | / / / /
 =========|_|==============|___/=/_/_/_/
 :: Spring Boot ::                (v3.2.0)

2025-06-23 10:21:03 - Starting ApiGatewayApplication using Java 21 with PID 15616 (C:\Users\2407071\Desktop\GenC-Project\Library-Management-System\api-gateway\target\classes started by 2407071 in C:\Users\2407071\Desktop\GenC-Project\Library-Management-System\api-gateway)
2025-06-23 10:21:03 - No active profile set, falling back to 1 default profile: "default"
2025-06-23 10:21:07 - BeanFactory id=438a728b-7c43-3c86-a3e5-30ca56727430
2025-06-23 10:21:07 - Bean 'org.springframework.cloud.client.loadbalancer.LoadBalancerAutoConfiguration$LoadBalancerInterceptorConfig' of type [org.springframework.cloud.client.loadbalancer.LoadBalancerAutoConfiguration$LoadBalancerInterceptorConfig] is not eligible for getting processed by all BeanPostProcessors (for example: not eligible for auto-proxying). The currently created BeanPostProcessor [lbRestClientPostProcessor] is declared through a non-static factory method on that class; consider declaring it as static instead.
2025-06-23 10:21:07 - Bean 'org.springframework.cloud.loadbalancer.config.BlockingLoadBalancerClientAutoConfiguration' of type [org.springframework.cloud.loadbalancer.config.BlockingLoadBalancerClientAutoConfiguration] is not eligible for getting processed by all BeanPostProcessors (for example: not eligible for auto-proxying). Is this bean getting eagerly injected into a currently created BeanPostProcessor [lbRestClientPostProcessor]? Check the corresponding BeanPostProcessor declaration and its dependencies.
2025-06-23 10:21:07 - Bean 'org.springframework.cloud.loadbalancer.config.LoadBalancerAutoConfiguration' of type [org.springframework.cloud.loadbalancer.config.LoadBalancerAutoConfiguration] is not eligible for getting processed by all BeanPostProcessors (for example: not eligible for auto-proxying). Is this bean getting eagerly injected into a currently created BeanPostProcessor [lbRestClientPostProcessor]? Check the corresponding BeanPostProcessor declaration and its dependencies.
2025-06-23 10:21:07 - Bean 'org.springframework.cloud.commons.config.CommonsConfigAutoConfiguration' of type [org.springframework.cloud.commons.config.CommonsConfigAutoConfiguration] is not eligible for getting processed by all BeanPostProcessors (for example: not eligible for auto-proxying). Is this bean getting eagerly injected into a currently created BeanPostProcessor [lbRestClientPostProcessor]? Check the corresponding BeanPostProcessor declaration and its dependencies.
2025-06-23 10:21:07 - Bean 'org.springframework.cloud.client.loadbalancer.LoadBalancerDefaultMappingsProviderAutoConfiguration' of type [org.springframework.cloud.client.loadbalancer.LoadBalancerDefaultMappingsProviderAutoConfiguration] is not eligible for getting processed by all BeanPostProcessors (for example: not eligible for auto-proxying). Is this bean getting eagerly injected into a currently created BeanPostProcessor [lbRestClientPostProcessor]? Check the corresponding BeanPostProcessor declaration and its dependencies.
2025-06-23 10:21:07 - Bean 'loadBalancerClientsDefaultsMappingsProvider' of type [org.springframework.cloud.client.loadbalancer.LoadBalancerDefaultMappingsProviderAutoConfiguration$$Lambda/0x000001d883394c58] is not eligible for getting processed by all BeanPostProcessors (for example: not eligible for auto-proxying). Is this bean getting eagerly injected into a currently created BeanPostProcessor [lbRestClientPostProcessor]? Check the corresponding BeanPostProcessor declaration and its dependencies.
2025-06-23 10:21:07 - Bean 'defaultsBindHandlerAdvisor' of type [org.springframework.cloud.commons.config.DefaultsBindHandlerAdvisor] is not eligible for getting processed by all BeanPostProcessors (for example: not eligible for auto-proxying). Is this bean getting eagerly injected into a currently created BeanPostProcessor [lbRestClientPostProcessor]? Check the corresponding BeanPostProcessor declaration and its dependencies.
2025-06-23 10:21:07 - Bean 'spring.cloud.loadbalancer-org.springframework.cloud.client.loadbalancer.LoadBalancerClientsProperties' of type [org.springframework.cloud.client.loadbalancer.LoadBalancerClientsProperties] is not eligible for getting processed by all BeanPostProcessors (for example: not eligible for auto-proxying). Is this bean getting eagerly injected into a currently created BeanPostProcessor [lbRestClientPostProcessor]? Check the corresponding BeanPostProcessor declaration and its dependencies.
2025-06-23 10:21:07 - Bean 'default.org.springframework.cloud.loadbalancer.config.LoadBalancerAutoConfiguration.LoadBalancerClientSpecification' of type [org.springframework.cloud.loadbalancer.annotation.LoadBalancerClientSpecification] is not eligible for getting processed by all BeanPostProcessors (for example: not eligible for auto-proxying). Is this bean getting eagerly injected into a currently created BeanPostProcessor [lbRestClientPostProcessor]? Check the corresponding BeanPostProcessor declaration and its dependencies.
2025-06-23 10:21:07 - Bean 'default.org.springframework.cloud.loadbalancer.config.BlockingLoadBalancerClientAutoConfiguration.LoadBalancerClientSpecification' of type [org.springframework.cloud.loadbalancer.annotation.LoadBalancerClientSpecification] is not eligible for getting processed by all BeanPostProcessors (for example: not eligible for auto-proxying). Is this bean getting eagerly injected into a currently created BeanPostProcessor [lbRestClientPostProcessor]? Check the corresponding BeanPostProcessor declaration and its dependencies.
2025-06-23 10:21:07 - Bean 'default.org.springframework.cloud.netflix.eureka.loadbalancer.LoadBalancerEurekaAutoConfiguration.LoadBalancerClientSpecification' of type [org.springframework.cloud.loadbalancer.annotation.LoadBalancerClientSpecification] is not eligible for getting processed by all BeanPostProcessors (for example: not eligible for auto-proxying). Is this bean getting eagerly injected into a currently created BeanPostProcessor [lbRestClientPostProcessor]? Check the corresponding BeanPostProcessor declaration and its dependencies.
2025-06-23 10:21:07 - Bean 'loadBalancerClientFactory' of type [org.springframework.cloud.loadbalancer.support.LoadBalancerClientFactory] is not eligible for getting processed by all BeanPostProcessors (for example: not eligible for auto-proxying). Is this bean getting eagerly injected into a currently created BeanPostProcessor [lbRestClientPostProcessor]? Check the corresponding BeanPostProcessor declaration and its dependencies.
2025-06-23 10:21:07 - Bean 'blockingLoadBalancerClient' of type [org.springframework.cloud.loadbalancer.blocking.client.BlockingLoadBalancerClient] is not eligible for getting processed by all BeanPostProcessors (for example: not eligible for auto-proxying). Is this bean getting eagerly injected into a currently created BeanPostProcessor [lbRestClientPostProcessor]? Check the corresponding BeanPostProcessor declaration and its dependencies.
2025-06-23 10:21:07 - Bean 'loadBalancerServiceInstanceCookieTransformer' of type [org.springframework.cloud.loadbalancer.core.LoadBalancerServiceInstanceCookieTransformer] is not eligible for getting processed by all BeanPostProcessors (for example: not eligible for auto-proxying). Is this bean getting eagerly injected into a currently created BeanPostProcessor [lbRestClientPostProcessor]? Check the corresponding BeanPostProcessor declaration and its dependencies.
2025-06-23 10:21:07 - Bean 'xForwarderHeadersTransformer' of type [org.springframework.cloud.loadbalancer.blocking.XForwardedHeadersTransformer] is not eligible for getting processed by all BeanPostProcessors (for example: not eligible for auto-proxying). Is this bean getting eagerly injected into a currently created BeanPostProcessor [lbRestClientPostProcessor]? Check the corresponding BeanPostProcessor declaration and its dependencies.
2025-06-23 10:21:07 - Bean 'org.springframework.cloud.client.loadbalancer.LoadBalancerAutoConfiguration' of type [org.springframework.cloud.client.loadbalancer.LoadBalancerAutoConfiguration] is not eligible for getting processed by all BeanPostProcessors (for example: not eligible for auto-proxying). Is this bean getting eagerly injected into a currently created BeanPostProcessor [lbRestClientPostProcessor]? Check the corresponding BeanPostProcessor declaration and its dependencies.
2025-06-23 10:21:07 - Bean 'loadBalancerRequestFactory' of type [org.springframework.cloud.client.loadbalancer.LoadBalancerRequestFactory] is not eligible for getting processed by all BeanPostProcessors (for example: not eligible for auto-proxying). Is this bean getting eagerly injected into a currently created BeanPostProcessor [lbRestClientPostProcessor]? Check the corresponding BeanPostProcessor declaration and its dependencies.
2025-06-23 10:21:07 - Bean 'loadBalancerInterceptor' of type [org.springframework.cloud.client.loadbalancer.LoadBalancerInterceptor] is not eligible for getting processed by all BeanPostProcessors (for example: not eligible for auto-proxying). Is this bean getting eagerly injected into a currently created BeanPostProcessor [lbRestClientPostProcessor]? Check the corresponding BeanPostProcessor declaration and its dependencies.
2025-06-23 10:21:07 - Bean 'org.springframework.cloud.client.loadbalancer.reactive.LoadBalancerBeanPostProcessorAutoConfiguration' of type [org.springframework.cloud.client.loadbalancer.reactive.LoadBalancerBeanPostProcessorAutoConfiguration] is not eligible for getting processed by all BeanPostProcessors (for example: not eligible for auto-proxying). The currently created BeanPostProcessor [loadBalancerWebClientBuilderBeanPostProcessor] is declared through a non-static factory method on that class; consider declaring it as static instead.
2025-06-23 10:21:07 - Bean 'org.springframework.cloud.client.loadbalancer.reactive.LoadBalancerBeanPostProcessorAutoConfiguration$ReactorDeferringLoadBalancerFilterConfig' of type [org.springframework.cloud.client.loadbalancer.reactive.LoadBalancerBeanPostProcessorAutoConfiguration$ReactorDeferringLoadBalancerFilterConfig] is not eligible for getting processed by all BeanPostProcessors (for example: not eligible for auto-proxying). Is this bean getting eagerly injected into a currently created BeanPostProcessor [loadBalancerWebClientBuilderBeanPostProcessor]? Check the corresponding BeanPostProcessor declaration and its dependencies.
2025-06-23 10:21:07 - Bean 'reactorDeferringLoadBalancerExchangeFilterFunction' of type [org.springframework.cloud.client.loadbalancer.reactive.DeferringLoadBalancerExchangeFilterFunction] is not eligible for getting processed by all BeanPostProcessors (for example: not eligible for auto-proxying). Is this bean getting eagerly injected into a currently created BeanPostProcessor [loadBalancerWebClientBuilderBeanPostProcessor]? Check the corresponding BeanPostProcessor declaration and its dependencies.
2025-06-23 10:21:08 - Routes supplied from Gateway Properties: [RouteDefinition{id='book-service', predicates=[PredicateDefinition{name='Path', args={_genkey_0=/api/books/**}}], filters=[], uri=lb://book-service, order=0, metadata={}}, RouteDefinition{id='member-service', predicates=[PredicateDefinition{name='Path', args={_genkey_0=/api/members/**}}], filters=[], uri=lb://member-service, order=0, metadata={}}, RouteDefinition{id='transaction-service', predicates=[PredicateDefinition{name='Path', args={_genkey_0=/api/transactions/**}}], filters=[], uri=lb://transaction-service, order=0, metadata={}}, RouteDefinition{id='fine-service', predicates=[PredicateDefinition{name='Path', args={_genkey_0=/api/fines/**}}], filters=[], uri=lb://fine-service, order=0, metadata={}}, RouteDefinition{id='notification-service', predicates=[PredicateDefinition{name='Path', args={_genkey_0=/api/notifications/**}}], filters=[], uri=lb://notification-service, order=0, metadata={}}]
2025-06-23 10:21:09 - 

Using generated security password: a3c50a7b-512e-4890-afab-dfd088037c90

2025-06-23 10:21:11 - Loaded RoutePredicateFactory [After]
2025-06-23 10:21:11 - Loaded RoutePredicateFactory [Before]
2025-06-23 10:21:11 - Loaded RoutePredicateFactory [Between]
2025-06-23 10:21:11 - Loaded RoutePredicateFactory [Cookie]
2025-06-23 10:21:11 - Loaded RoutePredicateFactory [Header]
2025-06-23 10:21:11 - Loaded RoutePredicateFactory [Host]
2025-06-23 10:21:11 - Loaded RoutePredicateFactory [Method]
2025-06-23 10:21:11 - Loaded RoutePredicateFactory [Path]
2025-06-23 10:21:11 - Loaded RoutePredicateFactory [Query]
2025-06-23 10:21:11 - Loaded RoutePredicateFactory [ReadBody]
2025-06-23 10:21:11 - Loaded RoutePredicateFactory [RemoteAddr]
2025-06-23 10:21:11 - Loaded RoutePredicateFactory [XForwardedRemoteAddr]
2025-06-23 10:21:11 - Loaded RoutePredicateFactory [Weight]
2025-06-23 10:21:11 - Loaded RoutePredicateFactory [CloudFoundryRouteService]
2025-06-23 10:21:11 - Exposing 2 endpoint(s) beneath base path '/actuator'
2025-06-23 10:21:12 - Eureka HTTP Client uses RestTemplate.
2025-06-23 10:21:12 - Spring Cloud LoadBalancer is currently working with the default cache. While this cache implementation is useful for development and tests, it's recommended to use Caffeine cache in production.You can switch to using Caffeine cache, by adding it and org.springframework.cache.caffeine.CaffeineCacheManager to the classpath.
2025-06-23 10:21:12 - Setting initial instance status as: STARTING
2025-06-23 10:21:13 - Initializing Eureka in region us-east-1
2025-06-23 10:21:13 - Resolving eureka endpoints via configuration
2025-06-23 10:21:13 - Disable delta property : false
2025-06-23 10:21:13 - Single vip registry refresh property : null
2025-06-23 10:21:13 - Force full registry fetch : false
2025-06-23 10:21:13 - Application is null : false
2025-06-23 10:21:13 - Registered Applications size is zero : true
2025-06-23 10:21:13 - Application version is -1: true
2025-06-23 10:21:13 - Getting all instance registry info from the eureka server
2025-06-23 10:21:15 - The response status is 200
2025-06-23 10:21:15 - Starting heartbeat executor: renew interval is: 10
2025-06-23 10:21:15 - InstanceInfoReplicator onDemand update allowed rate per min is 4
2025-06-23 10:21:15 - Discovery Client initialized at timestamp 1750654275347 with initial instances count: 0
2025-06-23 10:21:15 - Registering application API-GATEWAY with eureka with status UP
2025-06-23 10:21:15 - Saw local status change event StatusChangeEvent [timestamp=1750654275354, current=UP, previous=STARTING]
2025-06-23 10:21:15 - DiscoveryClient_API-GATEWAY/LTIN624146.cts.com:api-gateway:8080: registering service...
2025-06-23 10:21:15 - RouteDefinition book-service applying {_genkey_0=/api/books/**} to Path
2025-06-23 10:21:15 - RouteDefinition book-service applying filter {_genkey_0=Access-Control-Allow-Credentials Access-Control-Allow-Origin} to DedupeResponseHeader
2025-06-23 10:21:15 - RouteDefinition matched: book-service
2025-06-23 10:21:15 - RouteDefinition member-service applying {_genkey_0=/api/members/**} to Path
2025-06-23 10:21:15 - RouteDefinition member-service applying filter {_genkey_0=Access-Control-Allow-Credentials Access-Control-Allow-Origin} to DedupeResponseHeader
2025-06-23 10:21:15 - RouteDefinition matched: member-service
2025-06-23 10:21:15 - RouteDefinition transaction-service applying {_genkey_0=/api/transactions/**} to Path
2025-06-23 10:21:15 - RouteDefinition transaction-service applying filter {_genkey_0=Access-Control-Allow-Credentials Access-Control-Allow-Origin} to DedupeResponseHeader
2025-06-23 10:21:15 - RouteDefinition matched: transaction-service
2025-06-23 10:21:15 - RouteDefinition fine-service applying {_genkey_0=/api/fines/**} to Path
2025-06-23 10:21:15 - RouteDefinition fine-service applying filter {_genkey_0=Access-Control-Allow-Credentials Access-Control-Allow-Origin} to DedupeResponseHeader
2025-06-23 10:21:15 - RouteDefinition matched: fine-service
2025-06-23 10:21:15 - RouteDefinition notification-service applying {_genkey_0=/api/notifications/**} to Path
2025-06-23 10:21:15 - RouteDefinition notification-service applying filter {_genkey_0=Access-Control-Allow-Credentials Access-Control-Allow-Origin} to DedupeResponseHeader
2025-06-23 10:21:15 - RouteDefinition matched: notification-service
2025-06-23 10:21:15 - New routes count: 5
2025-06-23 10:21:15 - Netty started on port 8080
2025-06-23 10:21:15 - Updating port to 8080
2025-06-23 10:21:15 - RouteDefinition book-service applying {_genkey_0=/api/books/**} to Path
2025-06-23 10:21:15 - RouteDefinition book-service applying filter {_genkey_0=Access-Control-Allow-Credentials Access-Control-Allow-Origin} to DedupeResponseHeader
2025-06-23 10:21:15 - RouteDefinition matched: book-service
2025-06-23 10:21:15 - RouteDefinition member-service applying {_genkey_0=/api/members/**} to Path
2025-06-23 10:21:15 - RouteDefinition member-service applying filter {_genkey_0=Access-Control-Allow-Credentials Access-Control-Allow-Origin} to DedupeResponseHeader
2025-06-23 10:21:15 - RouteDefinition matched: member-service
2025-06-23 10:21:15 - RouteDefinition transaction-service applying {_genkey_0=/api/transactions/**} to Path
2025-06-23 10:21:15 - RouteDefinition transaction-service applying filter {_genkey_0=Access-Control-Allow-Credentials Access-Control-Allow-Origin} to DedupeResponseHeader
2025-06-23 10:21:15 - RouteDefinition matched: transaction-service
2025-06-23 10:21:15 - RouteDefinition fine-service applying {_genkey_0=/api/fines/**} to Path
2025-06-23 10:21:15 - DiscoveryClient_API-GATEWAY/LTIN624146.cts.com:api-gateway:8080 - registration status: 204
2025-06-23 10:21:15 - RouteDefinition fine-service applying filter {_genkey_0=Access-Control-Allow-Credentials Access-Control-Allow-Origin} to DedupeResponseHeader
2025-06-23 10:21:15 - RouteDefinition matched: fine-service
2025-06-23 10:21:15 - RouteDefinition notification-service applying {_genkey_0=/api/notifications/**} to Path
2025-06-23 10:21:15 - RouteDefinition notification-service applying filter {_genkey_0=Access-Control-Allow-Credentials Access-Control-Allow-Origin} to DedupeResponseHeader
2025-06-23 10:21:15 - RouteDefinition matched: notification-service
2025-06-23 10:21:15 - New routes count: 5
2025-06-23 10:21:15 - Started ApiGatewayApplication in 13.321 seconds (process running for 14.28)
2025-06-23 10:21:45 - Disable delta property : false
2025-06-23 10:21:45 - Single vip registry refresh property : null
2025-06-23 10:21:45 - Force full registry fetch : false
2025-06-23 10:21:45 - Application is null : false
2025-06-23 10:21:45 - Registered Applications size is zero : true
2025-06-23 10:21:45 - Application version is -1: false
2025-06-23 10:21:45 - Getting all instance registry info from the eureka server
2025-06-23 10:21:45 - Trying to match using PathMatcherServerWebExchangeMatcher{pattern='/logout', method=POST}
2025-06-23 10:21:45 - Request 'GET /swagger-ui.html' doesn't match 'POST /logout'
2025-06-23 10:21:45 - No matches found
2025-06-23 10:21:45 - Trying to match using PathMatcherServerWebExchangeMatcher{pattern='/actuator/**', method=null}
2025-06-23 10:21:45 - Request 'GET /swagger-ui.html' doesn't match 'null /actuator/**'
2025-06-23 10:21:45 - Trying to match using PathMatcherServerWebExchangeMatcher{pattern='/swagger-ui/**', method=null}
2025-06-23 10:21:45 - Request 'GET /swagger-ui.html' doesn't match 'null /swagger-ui/**'
2025-06-23 10:21:45 - Trying to match using PathMatcherServerWebExchangeMatcher{pattern='/v3/api-docs/**', method=null}
2025-06-23 10:21:45 - Request 'GET /swagger-ui.html' doesn't match 'null /v3/api-docs/**'
2025-06-23 10:21:45 - No matches found
2025-06-23 10:21:45 - Checking authorization on '/swagger-ui.html' using org.springframework.security.config.web.server.ServerHttpSecurity$AuthorizeExchangeSpec$Access$$Lambda/0x000001d88351d860@7e3ce8ee
2025-06-23 10:21:45 - Authorization successful
2025-06-23 10:21:45 - Trying to match using PathMatcherServerWebExchangeMatcher{pattern='/logout', method=POST}
2025-06-23 10:21:45 - The response status is 200
2025-06-23 10:21:45 - Request 'GET /webjars/swagger-ui/index.html' doesn't match 'POST /logout'
2025-06-23 10:21:45 - No matches found
2025-06-23 10:21:45 - Trying to match using PathMatcherServerWebExchangeMatcher{pattern='/actuator/**', method=null}
2025-06-23 10:21:45 - Request 'GET /webjars/swagger-ui/index.html' doesn't match 'null /actuator/**'
2025-06-23 10:21:45 - Trying to match using PathMatcherServerWebExchangeMatcher{pattern='/swagger-ui/**', method=null}
2025-06-23 10:21:45 - Request 'GET /webjars/swagger-ui/index.html' doesn't match 'null /swagger-ui/**'
2025-06-23 10:21:45 - Trying to match using PathMatcherServerWebExchangeMatcher{pattern='/v3/api-docs/**', method=null}
2025-06-23 10:21:45 - Request 'GET /webjars/swagger-ui/index.html' doesn't match 'null /v3/api-docs/**'
2025-06-23 10:21:45 - No matches found
2025-06-23 10:21:45 - Checking authorization on '/webjars/swagger-ui/index.html' using org.springframework.security.config.web.server.ServerHttpSecurity$AuthorizeExchangeSpec$Access$$Lambda/0x000001d88351d860@7e3ce8ee
2025-06-23 10:21:45 - Authorization successful
2025-06-23 10:21:45 - RouteDefinition book-service applying {_genkey_0=/api/books/**} to Path
2025-06-23 10:21:45 - RouteDefinition book-service applying filter {_genkey_0=Access-Control-Allow-Credentials Access-Control-Allow-Origin} to DedupeResponseHeader
2025-06-23 10:21:45 - RouteDefinition matched: book-service
2025-06-23 10:21:45 - RouteDefinition member-service applying {_genkey_0=/api/members/**} to Path
2025-06-23 10:21:45 - RouteDefinition member-service applying filter {_genkey_0=Access-Control-Allow-Credentials Access-Control-Allow-Origin} to DedupeResponseHeader
2025-06-23 10:21:45 - RouteDefinition matched: member-service
2025-06-23 10:21:45 - RouteDefinition transaction-service applying {_genkey_0=/api/transactions/**} to Path
2025-06-23 10:21:45 - RouteDefinition transaction-service applying filter {_genkey_0=Access-Control-Allow-Credentials Access-Control-Allow-Origin} to DedupeResponseHeader
2025-06-23 10:21:45 - RouteDefinition matched: transaction-service
2025-06-23 10:21:45 - RouteDefinition fine-service applying {_genkey_0=/api/fines/**} to Path
2025-06-23 10:21:45 - RouteDefinition fine-service applying filter {_genkey_0=Access-Control-Allow-Credentials Access-Control-Allow-Origin} to DedupeResponseHeader
2025-06-23 10:21:45 - RouteDefinition matched: fine-service
2025-06-23 10:21:45 - RouteDefinition notification-service applying {_genkey_0=/api/notifications/**} to Path
2025-06-23 10:21:45 - RouteDefinition notification-service applying filter {_genkey_0=Access-Control-Allow-Credentials Access-Control-Allow-Origin} to DedupeResponseHeader
2025-06-23 10:21:45 - RouteDefinition matched: notification-service
2025-06-23 10:21:45 - New routes count: 5
2025-06-23 10:21:46 - Trying to match using PathMatcherServerWebExchangeMatcher{pattern='/logout', method=POST}
2025-06-23 10:21:46 - Request 'GET /swagger-ui.html' doesn't match 'POST /logout'
2025-06-23 10:21:46 - No matches found
2025-06-23 10:21:46 - Trying to match using PathMatcherServerWebExchangeMatcher{pattern='/actuator/**', method=null}
2025-06-23 10:21:46 - Request 'GET /swagger-ui.html' doesn't match 'null /actuator/**'
2025-06-23 10:21:46 - Trying to match using PathMatcherServerWebExchangeMatcher{pattern='/swagger-ui/**', method=null}
2025-06-23 10:21:46 - Request 'GET /swagger-ui.html' doesn't match 'null /swagger-ui/**'
2025-06-23 10:21:46 - Trying to match using PathMatcherServerWebExchangeMatcher{pattern='/v3/api-docs/**', method=null}
2025-06-23 10:21:46 - Request 'GET /swagger-ui.html' doesn't match 'null /v3/api-docs/**'
2025-06-23 10:21:46 - No matches found
2025-06-23 10:21:46 - Checking authorization on '/swagger-ui.html' using org.springframework.security.config.web.server.ServerHttpSecurity$AuthorizeExchangeSpec$Access$$Lambda/0x000001d88351d860@7e3ce8ee
2025-06-23 10:21:46 - Authorization successful
2025-06-23 10:21:46 - Trying to match using PathMatcherServerWebExchangeMatcher{pattern='/logout', method=POST}
2025-06-23 10:21:46 - Request 'GET /webjars/swagger-ui/index.html' doesn't match 'POST /logout'
2025-06-23 10:21:46 - No matches found
2025-06-23 10:21:46 - Trying to match using PathMatcherServerWebExchangeMatcher{pattern='/actuator/**', method=null}
2025-06-23 10:21:46 - Request 'GET /webjars/swagger-ui/index.html' doesn't match 'null /actuator/**'
2025-06-23 10:21:46 - Trying to match using PathMatcherServerWebExchangeMatcher{pattern='/swagger-ui/**', method=null}
2025-06-23 10:21:46 - Request 'GET /webjars/swagger-ui/index.html' doesn't match 'null /swagger-ui/**'
2025-06-23 10:21:46 - Trying to match using PathMatcherServerWebExchangeMatcher{pattern='/v3/api-docs/**', method=null}
2025-06-23 10:21:46 - Request 'GET /webjars/swagger-ui/index.html' doesn't match 'null /v3/api-docs/**'
2025-06-23 10:21:46 - No matches found
2025-06-23 10:21:46 - Checking authorization on '/webjars/swagger-ui/index.html' using org.springframework.security.config.web.server.ServerHttpSecurity$AuthorizeExchangeSpec$Access$$Lambda/0x000001d88351d860@7e3ce8ee
2025-06-23 10:21:46 - Authorization successful
2025-06-23 10:21:54 - Trying to match using PathMatcherServerWebExchangeMatcher{pattern='/logout', method=POST}
2025-06-23 10:21:54 - Request 'GET /swagger-ui.html' doesn't match 'POST /logout'
2025-06-23 10:21:54 - No matches found
2025-06-23 10:21:54 - Trying to match using PathMatcherServerWebExchangeMatcher{pattern='/actuator/**', method=null}
2025-06-23 10:21:54 - Request 'GET /swagger-ui.html' doesn't match 'null /actuator/**'
2025-06-23 10:21:54 - Trying to match using PathMatcherServerWebExchangeMatcher{pattern='/swagger-ui/**', method=null}
2025-06-23 10:21:54 - Request 'GET /swagger-ui.html' doesn't match 'null /swagger-ui/**'
2025-06-23 10:21:54 - Trying to match using PathMatcherServerWebExchangeMatcher{pattern='/v3/api-docs/**', method=null}
2025-06-23 10:21:54 - Request 'GET /swagger-ui.html' doesn't match 'null /v3/api-docs/**'
2025-06-23 10:21:54 - No matches found
2025-06-23 10:21:54 - Checking authorization on '/swagger-ui.html' using org.springframework.security.config.web.server.ServerHttpSecurity$AuthorizeExchangeSpec$Access$$Lambda/0x000001d88351d860@7e3ce8ee
2025-06-23 10:21:54 - Authorization successful
2025-06-23 10:21:54 - Trying to match using PathMatcherServerWebExchangeMatcher{pattern='/logout', method=POST}
2025-06-23 10:21:54 - Request 'GET /webjars/swagger-ui/index.html' doesn't match 'POST /logout'
2025-06-23 10:21:54 - No matches found
2025-06-23 10:21:54 - Trying to match using PathMatcherServerWebExchangeMatcher{pattern='/actuator/**', method=null}
2025-06-23 10:21:54 - Request 'GET /webjars/swagger-ui/index.html' doesn't match 'null /actuator/**'
2025-06-23 10:21:54 - Trying to match using PathMatcherServerWebExchangeMatcher{pattern='/swagger-ui/**', method=null}
2025-06-23 10:21:54 - Request 'GET /webjars/swagger-ui/index.html' doesn't match 'null /swagger-ui/**'
2025-06-23 10:21:54 - Trying to match using PathMatcherServerWebExchangeMatcher{pattern='/v3/api-docs/**', method=null}
2025-06-23 10:21:54 - Request 'GET /webjars/swagger-ui/index.html' doesn't match 'null /v3/api-docs/**'
2025-06-23 10:21:54 - No matches found
2025-06-23 10:21:54 - Checking authorization on '/webjars/swagger-ui/index.html' using org.springframework.security.config.web.server.ServerHttpSecurity$AuthorizeExchangeSpec$Access$$Lambda/0x000001d88351d860@7e3ce8ee
2025-06-23 10:21:54 - Authorization successful
2025-06-23 10:21:56 - Trying to match using PathMatcherServerWebExchangeMatcher{pattern='/logout', method=POST}
2025-06-23 10:21:56 - Request 'GET /webjars/swagger-ui/swagger-ui.css' doesn't match 'POST /logout'
2025-06-23 10:21:56 - No matches found
2025-06-23 10:21:56 - Trying to match using PathMatcherServerWebExchangeMatcher{pattern='/actuator/**', method=null}
2025-06-23 10:21:56 - Request 'GET /webjars/swagger-ui/swagger-ui.css' doesn't match 'null /actuator/**'
2025-06-23 10:21:56 - Trying to match using PathMatcherServerWebExchangeMatcher{pattern='/swagger-ui/**', method=null}
2025-06-23 10:21:56 - Request 'GET /webjars/swagger-ui/swagger-ui.css' doesn't match 'null /swagger-ui/**'
2025-06-23 10:21:56 - Trying to match using PathMatcherServerWebExchangeMatcher{pattern='/v3/api-docs/**', method=null}
2025-06-23 10:21:56 - Request 'GET /webjars/swagger-ui/swagger-ui.css' doesn't match 'null /v3/api-docs/**'
2025-06-23 10:21:56 - No matches found
2025-06-23 10:21:56 - Checking authorization on '/webjars/swagger-ui/swagger-ui.css' using org.springframework.security.config.web.server.ServerHttpSecurity$AuthorizeExchangeSpec$Access$$Lambda/0x000001d88351d860@7e3ce8ee
2025-06-23 10:21:56 - Authorization successful
2025-06-23 10:21:56 - Trying to match using PathMatcherServerWebExchangeMatcher{pattern='/logout', method=POST}
2025-06-23 10:21:56 - Request 'GET /webjars/swagger-ui/swagger-ui-bundle.js' doesn't match 'POST /logout'
2025-06-23 10:21:56 - No matches found
2025-06-23 10:21:56 - Trying to match using PathMatcherServerWebExchangeMatcher{pattern='/actuator/**', method=null}
2025-06-23 10:21:56 - Trying to match using PathMatcherServerWebExchangeMatcher{pattern='/logout', method=POST}
2025-06-23 10:21:56 - Request 'GET /webjars/swagger-ui/swagger-ui-bundle.js' doesn't match 'null /actuator/**'
2025-06-23 10:21:56 - Request 'GET /webjars/swagger-ui/index.css' doesn't match 'POST /logout'
2025-06-23 10:21:56 - Trying to match using PathMatcherServerWebExchangeMatcher{pattern='/swagger-ui/**', method=null}
2025-06-23 10:21:56 - No matches found
2025-06-23 10:21:56 - Request 'GET /webjars/swagger-ui/swagger-ui-bundle.js' doesn't match 'null /swagger-ui/**'
2025-06-23 10:21:56 - Trying to match using PathMatcherServerWebExchangeMatcher{pattern='/v3/api-docs/**', method=null}
2025-06-23 10:21:56 - Request 'GET /webjars/swagger-ui/swagger-ui-bundle.js' doesn't match 'null /v3/api-docs/**'
2025-06-23 10:21:56 - No matches found
2025-06-23 10:21:56 - Checking authorization on '/webjars/swagger-ui/swagger-ui-bundle.js' using org.springframework.security.config.web.server.ServerHttpSecurity$AuthorizeExchangeSpec$Access$$Lambda/0x000001d88351d860@7e3ce8ee
2025-06-23 10:21:56 - Trying to match using PathMatcherServerWebExchangeMatcher{pattern='/actuator/**', method=null}
2025-06-23 10:21:56 - Authorization successful
2025-06-23 10:21:56 - Request 'GET /webjars/swagger-ui/index.css' doesn't match 'null /actuator/**'
2025-06-23 10:21:56 - Trying to match using PathMatcherServerWebExchangeMatcher{pattern='/swagger-ui/**', method=null}
2025-06-23 10:21:56 - Request 'GET /webjars/swagger-ui/index.css' doesn't match 'null /swagger-ui/**'
2025-06-23 10:21:56 - Trying to match using PathMatcherServerWebExchangeMatcher{pattern='/v3/api-docs/**', method=null}
2025-06-23 10:21:56 - Request 'GET /webjars/swagger-ui/index.css' doesn't match 'null /v3/api-docs/**'
2025-06-23 10:21:56 - No matches found
2025-06-23 10:21:56 - Checking authorization on '/webjars/swagger-ui/index.css' using org.springframework.security.config.web.server.ServerHttpSecurity$AuthorizeExchangeSpec$Access$$Lambda/0x000001d88351d860@7e3ce8ee
2025-06-23 10:21:56 - Authorization successful
2025-06-23 10:22:07 - Trying to match using PathMatcherServerWebExchangeMatcher{pattern='/logout', method=POST}
2025-06-23 10:22:07 - Request 'GET /webjars/swagger-ui/swagger-ui.css' doesn't match 'POST /logout'
2025-06-23 10:22:07 - No matches found
2025-06-23 10:22:07 - Trying to match using PathMatcherServerWebExchangeMatcher{pattern='/actuator/**', method=null}
2025-06-23 10:22:07 - Request 'GET /webjars/swagger-ui/swagger-ui.css' doesn't match 'null /actuator/**'
2025-06-23 10:22:07 - Trying to match using PathMatcherServerWebExchangeMatcher{pattern='/swagger-ui/**', method=null}
2025-06-23 10:22:07 - Request 'GET /webjars/swagger-ui/swagger-ui.css' doesn't match 'null /swagger-ui/**'
2025-06-23 10:22:07 - Trying to match using PathMatcherServerWebExchangeMatcher{pattern='/v3/api-docs/**', method=null}
2025-06-23 10:22:07 - Request 'GET /webjars/swagger-ui/swagger-ui.css' doesn't match 'null /v3/api-docs/**'
2025-06-23 10:22:07 - No matches found
2025-06-23 10:22:07 - Checking authorization on '/webjars/swagger-ui/swagger-ui.css' using org.springframework.security.config.web.server.ServerHttpSecurity$AuthorizeExchangeSpec$Access$$Lambda/0x000001d88351d860@7e3ce8ee
2025-06-23 10:22:07 - Authorization successful
2025-06-23 10:22:07 - Trying to match using PathMatcherServerWebExchangeMatcher{pattern='/logout', method=POST}
2025-06-23 10:22:07 - Trying to match using PathMatcherServerWebExchangeMatcher{pattern='/logout', method=POST}
2025-06-23 10:22:07 - Request 'GET /webjars/swagger-ui/swagger-ui-bundle.js' doesn't match 'POST /logout'
2025-06-23 10:22:07 - Request 'GET /webjars/swagger-ui/index.css' doesn't match 'POST /logout'
2025-06-23 10:22:07 - No matches found
2025-06-23 10:22:07 - No matches found
2025-06-23 10:22:07 - Trying to match using PathMatcherServerWebExchangeMatcher{pattern='/actuator/**', method=null}
2025-06-23 10:22:07 - Trying to match using PathMatcherServerWebExchangeMatcher{pattern='/actuator/**', method=null}
2025-06-23 10:22:07 - Request 'GET /webjars/swagger-ui/swagger-ui-bundle.js' doesn't match 'null /actuator/**'
2025-06-23 10:22:07 - Request 'GET /webjars/swagger-ui/index.css' doesn't match 'null /actuator/**'
2025-06-23 10:22:07 - Trying to match using PathMatcherServerWebExchangeMatcher{pattern='/swagger-ui/**', method=null}
2025-06-23 10:22:07 - Trying to match using PathMatcherServerWebExchangeMatcher{pattern='/swagger-ui/**', method=null}
2025-06-23 10:22:07 - Request 'GET /webjars/swagger-ui/swagger-ui-bundle.js' doesn't match 'null /swagger-ui/**'
2025-06-23 10:22:07 - Request 'GET /webjars/swagger-ui/index.css' doesn't match 'null /swagger-ui/**'
2025-06-23 10:22:07 - Trying to match using PathMatcherServerWebExchangeMatcher{pattern='/v3/api-docs/**', method=null}
2025-06-23 10:22:07 - Trying to match using PathMatcherServerWebExchangeMatcher{pattern='/v3/api-docs/**', method=null}
2025-06-23 10:22:07 - Request 'GET /webjars/swagger-ui/swagger-ui-bundle.js' doesn't match 'null /v3/api-docs/**'
2025-06-23 10:22:07 - Request 'GET /webjars/swagger-ui/index.css' doesn't match 'null /v3/api-docs/**'
2025-06-23 10:22:07 - No matches found
2025-06-23 10:22:07 - No matches found
2025-06-23 10:22:07 - Checking authorization on '/webjars/swagger-ui/index.css' using org.springframework.security.config.web.server.ServerHttpSecurity$AuthorizeExchangeSpec$Access$$Lambda/0x000001d88351d860@7e3ce8ee
2025-06-23 10:22:07 - Checking authorization on '/webjars/swagger-ui/swagger-ui-bundle.js' using org.springframework.security.config.web.server.ServerHttpSecurity$AuthorizeExchangeSpec$Access$$Lambda/0x000001d88351d860@7e3ce8ee
2025-06-23 10:22:07 - Authorization successful
2025-06-23 10:22:07 - Authorization successful
2025-06-23 10:22:15 - RouteDefinition book-service applying {_genkey_0=/api/books/**} to Path
2025-06-23 10:22:15 - RouteDefinition book-service applying filter {_genkey_0=Access-Control-Allow-Credentials Access-Control-Allow-Origin} to DedupeResponseHeader
2025-06-23 10:22:15 - RouteDefinition matched: book-service
2025-06-23 10:22:15 - RouteDefinition member-service applying {_genkey_0=/api/members/**} to Path
2025-06-23 10:22:15 - RouteDefinition member-service applying filter {_genkey_0=Access-Control-Allow-Credentials Access-Control-Allow-Origin} to DedupeResponseHeader
2025-06-23 10:22:15 - RouteDefinition matched: member-service
2025-06-23 10:22:15 - RouteDefinition transaction-service applying {_genkey_0=/api/transactions/**} to Path
2025-06-23 10:22:15 - RouteDefinition transaction-service applying filter {_genkey_0=Access-Control-Allow-Credentials Access-Control-Allow-Origin} to DedupeResponseHeader
2025-06-23 10:22:15 - RouteDefinition matched: transaction-service
2025-06-23 10:22:15 - RouteDefinition fine-service applying {_genkey_0=/api/fines/**} to Path
2025-06-23 10:22:15 - RouteDefinition fine-service applying filter {_genkey_0=Access-Control-Allow-Credentials Access-Control-Allow-Origin} to DedupeResponseHeader
2025-06-23 10:22:15 - RouteDefinition matched: fine-service
2025-06-23 10:22:15 - RouteDefinition notification-service applying {_genkey_0=/api/notifications/**} to Path
2025-06-23 10:22:15 - RouteDefinition notification-service applying filter {_genkey_0=Access-Control-Allow-Credentials Access-Control-Allow-Origin} to DedupeResponseHeader
2025-06-23 10:22:15 - RouteDefinition matched: notification-service
2025-06-23 10:22:15 - New routes count: 5
2025-06-23 10:22:20 - Trying to match using PathMatcherServerWebExchangeMatcher{pattern='/logout', method=POST}
2025-06-23 10:22:20 - Trying to match using PathMatcherServerWebExchangeMatcher{pattern='/logout', method=POST}
2025-06-23 10:22:20 - Request 'GET /webjars/swagger-ui/swagger-initializer.js' doesn't match 'POST /logout'
2025-06-23 10:22:20 - Request 'GET /webjars/swagger-ui/swagger-ui-standalone-preset.js' doesn't match 'POST /logout'
2025-06-23 10:22:20 - No matches found
2025-06-23 10:22:20 - No matches found
2025-06-23 10:22:20 - Trying to match using PathMatcherServerWebExchangeMatcher{pattern='/actuator/**', method=null}
2025-06-23 10:22:20 - Request 'GET /webjars/swagger-ui/swagger-initializer.js' doesn't match 'null /actuator/**'
2025-06-23 10:22:20 - Trying to match using PathMatcherServerWebExchangeMatcher{pattern='/actuator/**', method=null}
2025-06-23 10:22:20 - Trying to match using PathMatcherServerWebExchangeMatcher{pattern='/swagger-ui/**', method=null}
2025-06-23 10:22:20 - Request 'GET /webjars/swagger-ui/swagger-initializer.js' doesn't match 'null /swagger-ui/**'
2025-06-23 10:22:20 - Request 'GET /webjars/swagger-ui/swagger-ui-standalone-preset.js' doesn't match 'null /actuator/**'
2025-06-23 10:22:20 - Trying to match using PathMatcherServerWebExchangeMatcher{pattern='/v3/api-docs/**', method=null}
2025-06-23 10:22:20 - Request 'GET /webjars/swagger-ui/swagger-initializer.js' doesn't match 'null /v3/api-docs/**'
2025-06-23 10:22:20 - Trying to match using PathMatcherServerWebExchangeMatcher{pattern='/swagger-ui/**', method=null}
2025-06-23 10:22:20 - No matches found
2025-06-23 10:22:20 - Request 'GET /webjars/swagger-ui/swagger-ui-standalone-preset.js' doesn't match 'null /swagger-ui/**'
2025-06-23 10:22:20 - Checking authorization on '/webjars/swagger-ui/swagger-initializer.js' using org.springframework.security.config.web.server.ServerHttpSecurity$AuthorizeExchangeSpec$Access$$Lambda/0x000001d88351d860@7e3ce8ee
2025-06-23 10:22:20 - Trying to match using PathMatcherServerWebExchangeMatcher{pattern='/v3/api-docs/**', method=null}
2025-06-23 10:22:20 - Request 'GET /webjars/swagger-ui/swagger-ui-standalone-preset.js' doesn't match 'null /v3/api-docs/**'
2025-06-23 10:22:20 - No matches found
2025-06-23 10:22:20 - Authorization successful
2025-06-23 10:22:20 - Checking authorization on '/webjars/swagger-ui/swagger-ui-standalone-preset.js' using org.springframework.security.config.web.server.ServerHttpSecurity$AuthorizeExchangeSpec$Access$$Lambda/0x000001d88351d860@7e3ce8ee
2025-06-23 10:22:20 - Authorization successful
2025-06-23 10:22:46 - RouteDefinition book-service applying {_genkey_0=/api/books/**} to Path
2025-06-23 10:22:46 - RouteDefinition book-service applying filter {_genkey_0=Access-Control-Allow-Credentials Access-Control-Allow-Origin} to DedupeResponseHeader
2025-06-23 10:22:46 - RouteDefinition matched: book-service
2025-06-23 10:22:46 - RouteDefinition member-service applying {_genkey_0=/api/members/**} to Path
2025-06-23 10:22:46 - RouteDefinition member-service applying filter {_genkey_0=Access-Control-Allow-Credentials Access-Control-Allow-Origin} to DedupeResponseHeader
2025-06-23 10:22:46 - RouteDefinition matched: member-service
2025-06-23 10:22:46 - RouteDefinition transaction-service applying {_genkey_0=/api/transactions/**} to Path
2025-06-23 10:22:46 - RouteDefinition transaction-service applying filter {_genkey_0=Access-Control-Allow-Credentials Access-Control-Allow-Origin} to DedupeResponseHeader
2025-06-23 10:22:46 - RouteDefinition matched: transaction-service
2025-06-23 10:22:46 - RouteDefinition fine-service applying {_genkey_0=/api/fines/**} to Path
2025-06-23 10:22:46 - RouteDefinition fine-service applying filter {_genkey_0=Access-Control-Allow-Credentials Access-Control-Allow-Origin} to DedupeResponseHeader
2025-06-23 10:22:46 - RouteDefinition matched: fine-service
2025-06-23 10:22:46 - RouteDefinition notification-service applying {_genkey_0=/api/notifications/**} to Path
2025-06-23 10:22:46 - RouteDefinition notification-service applying filter {_genkey_0=Access-Control-Allow-Credentials Access-Control-Allow-Origin} to DedupeResponseHeader
2025-06-23 10:22:46 - RouteDefinition matched: notification-service
2025-06-23 10:22:46 - New routes count: 5
2025-06-23 10:22:48 - Trying to match using PathMatcherServerWebExchangeMatcher{pattern='/logout', method=POST}
2025-06-23 10:22:48 - Request 'GET /v3/api-docs/swagger-config' doesn't match 'POST /logout'
2025-06-23 10:22:48 - No matches found
2025-06-23 10:22:48 - Trying to match using PathMatcherServerWebExchangeMatcher{pattern='/actuator/**', method=null}
2025-06-23 10:22:48 - Request 'GET /v3/api-docs/swagger-config' doesn't match 'null /actuator/**'
2025-06-23 10:22:48 - Trying to match using PathMatcherServerWebExchangeMatcher{pattern='/swagger-ui/**', method=null}
2025-06-23 10:22:48 - Request 'GET /v3/api-docs/swagger-config' doesn't match 'null /swagger-ui/**'
2025-06-23 10:22:48 - Trying to match using PathMatcherServerWebExchangeMatcher{pattern='/v3/api-docs/**', method=null}
2025-06-23 10:22:48 - Checking match of request : '/v3/api-docs/swagger-config'; against '/v3/api-docs/**'
2025-06-23 10:22:48 - matched
2025-06-23 10:22:48 - Checking authorization on '/v3/api-docs/swagger-config' using org.springframework.security.config.web.server.ServerHttpSecurity$AuthorizeExchangeSpec$Access$$Lambda/0x000001d88351d860@7e3ce8ee
2025-06-23 10:22:48 - Authorization successful
2025-06-23 10:22:51 - Trying to match using PathMatcherServerWebExchangeMatcher{pattern='/logout', method=POST}
2025-06-23 10:22:51 - Request 'GET /v3/api-docs' doesn't match 'POST /logout'
2025-06-23 10:22:51 - No matches found
2025-06-23 10:22:51 - Trying to match using PathMatcherServerWebExchangeMatcher{pattern='/actuator/**', method=null}
2025-06-23 10:22:51 - Request 'GET /v3/api-docs' doesn't match 'null /actuator/**'
2025-06-23 10:22:51 - Trying to match using PathMatcherServerWebExchangeMatcher{pattern='/swagger-ui/**', method=null}
2025-06-23 10:22:51 - Request 'GET /v3/api-docs' doesn't match 'null /swagger-ui/**'
2025-06-23 10:22:51 - Trying to match using PathMatcherServerWebExchangeMatcher{pattern='/v3/api-docs/**', method=null}
2025-06-23 10:22:51 - Checking match of request : '/v3/api-docs'; against '/v3/api-docs/**'
2025-06-23 10:22:51 - matched
2025-06-23 10:22:51 - Checking authorization on '/v3/api-docs' using org.springframework.security.config.web.server.ServerHttpSecurity$AuthorizeExchangeSpec$Access$$Lambda/0x000001d88351d860@7e3ce8ee
2025-06-23 10:22:51 - Authorization successful
2025-06-23 10:22:51 - Init duration for springdoc-openapi is: 153 ms
2025-06-23 10:23:16 - RouteDefinition book-service applying {_genkey_0=/api/books/**} to Path
2025-06-23 10:23:16 - RouteDefinition book-service applying filter {_genkey_0=Access-Control-Allow-Credentials Access-Control-Allow-Origin} to DedupeResponseHeader
2025-06-23 10:23:16 - RouteDefinition matched: book-service
2025-06-23 10:23:16 - RouteDefinition member-service applying {_genkey_0=/api/members/**} to Path
2025-06-23 10:23:16 - RouteDefinition member-service applying filter {_genkey_0=Access-Control-Allow-Credentials Access-Control-Allow-Origin} to DedupeResponseHeader
2025-06-23 10:23:16 - RouteDefinition matched: member-service
2025-06-23 10:23:16 - RouteDefinition transaction-service applying {_genkey_0=/api/transactions/**} to Path
2025-06-23 10:23:16 - RouteDefinition transaction-service applying filter {_genkey_0=Access-Control-Allow-Credentials Access-Control-Allow-Origin} to DedupeResponseHeader
2025-06-23 10:23:16 - RouteDefinition matched: transaction-service
2025-06-23 10:23:16 - RouteDefinition fine-service applying {_genkey_0=/api/fines/**} to Path
2025-06-23 10:23:16 - RouteDefinition fine-service applying filter {_genkey_0=Access-Control-Allow-Credentials Access-Control-Allow-Origin} to DedupeResponseHeader
2025-06-23 10:23:16 - RouteDefinition matched: fine-service
2025-06-23 10:23:16 - RouteDefinition notification-service applying {_genkey_0=/api/notifications/**} to Path
2025-06-23 10:23:16 - RouteDefinition notification-service applying filter {_genkey_0=Access-Control-Allow-Credentials Access-Control-Allow-Origin} to DedupeResponseHeader
2025-06-23 10:23:16 - RouteDefinition matched: notification-service
2025-06-23 10:23:16 - New routes count: 5
2025-06-23 10:23:21 - Trying to match using PathMatcherServerWebExchangeMatcher{pattern='/logout', method=POST}
2025-06-23 10:23:21 - Request 'GET /actuator/health' doesn't match 'POST /logout'
2025-06-23 10:23:21 - No matches found
2025-06-23 10:23:21 - Trying to match using PathMatcherServerWebExchangeMatcher{pattern='/actuator/**', method=null}
2025-06-23 10:23:21 - Checking match of request : '/actuator/health'; against '/actuator/**'
2025-06-23 10:23:21 - Trying to match using PathMatcherServerWebExchangeMatcher{pattern='/swagger-ui/**', method=null}
2025-06-23 10:23:21 - Request 'GET /actuator/health' doesn't match 'null /swagger-ui/**'
2025-06-23 10:23:21 - Trying to match using PathMatcherServerWebExchangeMatcher{pattern='/v3/api-docs/**', method=null}
2025-06-23 10:23:21 - Request 'GET /actuator/health' doesn't match 'null /v3/api-docs/**'
2025-06-23 10:23:21 - matched
2025-06-23 10:23:21 - Checking authorization on '/actuator/health' using org.springframework.security.config.web.server.ServerHttpSecurity$AuthorizeExchangeSpec$Access$$Lambda/0x000001d88351d860@7e3ce8ee
2025-06-23 10:23:21 - Authorization successful
2025-06-23 10:23:21 - No SecurityContext found in WebSession: 'org.springframework.web.server.session.InMemoryWebSessionStore$InMemoryWebSession@7562b676'
2025-06-23 10:23:46 - RouteDefinition book-service applying {_genkey_0=/api/books/**} to Path
2025-06-23 10:23:46 - RouteDefinition book-service applying filter {_genkey_0=Access-Control-Allow-Credentials Access-Control-Allow-Origin} to DedupeResponseHeader
2025-06-23 10:23:46 - RouteDefinition matched: book-service
2025-06-23 10:23:46 - RouteDefinition member-service applying {_genkey_0=/api/members/**} to Path
2025-06-23 10:23:46 - RouteDefinition member-service applying filter {_genkey_0=Access-Control-Allow-Credentials Access-Control-Allow-Origin} to DedupeResponseHeader
2025-06-23 10:23:46 - RouteDefinition matched: member-service
2025-06-23 10:23:46 - RouteDefinition transaction-service applying {_genkey_0=/api/transactions/**} to Path
2025-06-23 10:23:46 - RouteDefinition transaction-service applying filter {_genkey_0=Access-Control-Allow-Credentials Access-Control-Allow-Origin} to DedupeResponseHeader
2025-06-23 10:23:46 - RouteDefinition matched: transaction-service
2025-06-23 10:23:46 - RouteDefinition fine-service applying {_genkey_0=/api/fines/**} to Path
2025-06-23 10:23:46 - RouteDefinition fine-service applying filter {_genkey_0=Access-Control-Allow-Credentials Access-Control-Allow-Origin} to DedupeResponseHeader
2025-06-23 10:23:46 - RouteDefinition matched: fine-service
2025-06-23 10:23:46 - RouteDefinition notification-service applying {_genkey_0=/api/notifications/**} to Path
2025-06-23 10:23:46 - RouteDefinition notification-service applying filter {_genkey_0=Access-Control-Allow-Credentials Access-Control-Allow-Origin} to DedupeResponseHeader
2025-06-23 10:23:46 - RouteDefinition matched: notification-service
2025-06-23 10:23:46 - New routes count: 5
2025-06-23 10:24:16 - RouteDefinition book-service applying {_genkey_0=/api/books/**} to Path
2025-06-23 10:24:16 - RouteDefinition book-service applying filter {_genkey_0=Access-Control-Allow-Credentials Access-Control-Allow-Origin} to DedupeResponseHeader
2025-06-23 10:24:16 - RouteDefinition matched: book-service
2025-06-23 10:24:16 - RouteDefinition member-service applying {_genkey_0=/api/members/**} to Path
2025-06-23 10:24:16 - RouteDefinition member-service applying filter {_genkey_0=Access-Control-Allow-Credentials Access-Control-Allow-Origin} to DedupeResponseHeader
2025-06-23 10:24:16 - RouteDefinition matched: member-service
2025-06-23 10:24:16 - RouteDefinition transaction-service applying {_genkey_0=/api/transactions/**} to Path
2025-06-23 10:24:16 - RouteDefinition transaction-service applying filter {_genkey_0=Access-Control-Allow-Credentials Access-Control-Allow-Origin} to DedupeResponseHeader
2025-06-23 10:24:16 - RouteDefinition matched: transaction-service
2025-06-23 10:24:16 - RouteDefinition fine-service applying {_genkey_0=/api/fines/**} to Path
2025-06-23 10:24:16 - RouteDefinition fine-service applying filter {_genkey_0=Access-Control-Allow-Credentials Access-Control-Allow-Origin} to DedupeResponseHeader
2025-06-23 10:24:16 - RouteDefinition matched: fine-service
2025-06-23 10:24:16 - RouteDefinition notification-service applying {_genkey_0=/api/notifications/**} to Path
2025-06-23 10:24:16 - RouteDefinition notification-service applying filter {_genkey_0=Access-Control-Allow-Credentials Access-Control-Allow-Origin} to DedupeResponseHeader
2025-06-23 10:24:16 - RouteDefinition matched: notification-service
2025-06-23 10:24:16 - New routes count: 5
2025-06-23 10:24:47 - RouteDefinition book-service applying {_genkey_0=/api/books/**} to Path
2025-06-23 10:24:47 - RouteDefinition book-service applying filter {_genkey_0=Access-Control-Allow-Credentials Access-Control-Allow-Origin} to DedupeResponseHeader
2025-06-23 10:24:47 - RouteDefinition matched: book-service
2025-06-23 10:24:47 - RouteDefinition member-service applying {_genkey_0=/api/members/**} to Path
2025-06-23 10:24:47 - RouteDefinition member-service applying filter {_genkey_0=Access-Control-Allow-Credentials Access-Control-Allow-Origin} to DedupeResponseHeader
2025-06-23 10:24:47 - RouteDefinition matched: member-service
2025-06-23 10:24:47 - RouteDefinition transaction-service applying {_genkey_0=/api/transactions/**} to Path
2025-06-23 10:24:47 - RouteDefinition transaction-service applying filter {_genkey_0=Access-Control-Allow-Credentials Access-Control-Allow-Origin} to DedupeResponseHeader
2025-06-23 10:24:47 - RouteDefinition matched: transaction-service
2025-06-23 10:24:47 - RouteDefinition fine-service applying {_genkey_0=/api/fines/**} to Path
2025-06-23 10:24:47 - RouteDefinition fine-service applying filter {_genkey_0=Access-Control-Allow-Credentials Access-Control-Allow-Origin} to DedupeResponseHeader
2025-06-23 10:24:47 - RouteDefinition matched: fine-service
2025-06-23 10:24:47 - RouteDefinition notification-service applying {_genkey_0=/api/notifications/**} to Path
2025-06-23 10:24:47 - RouteDefinition notification-service applying filter {_genkey_0=Access-Control-Allow-Credentials Access-Control-Allow-Origin} to DedupeResponseHeader
2025-06-23 10:24:47 - RouteDefinition matched: notification-service
2025-06-23 10:24:47 - New routes count: 5
2025-06-23 10:25:17 - RouteDefinition book-service applying {_genkey_0=/api/books/**} to Path
2025-06-23 10:25:17 - RouteDefinition book-service applying filter {_genkey_0=Access-Control-Allow-Credentials Access-Control-Allow-Origin} to DedupeResponseHeader
2025-06-23 10:25:17 - RouteDefinition matched: book-service
2025-06-23 10:25:17 - RouteDefinition member-service applying {_genkey_0=/api/members/**} to Path
2025-06-23 10:25:17 - RouteDefinition member-service applying filter {_genkey_0=Access-Control-Allow-Credentials Access-Control-Allow-Origin} to DedupeResponseHeader
2025-06-23 10:25:17 - RouteDefinition matched: member-service
2025-06-23 10:25:17 - RouteDefinition transaction-service applying {_genkey_0=/api/transactions/**} to Path
2025-06-23 10:25:17 - RouteDefinition transaction-service applying filter {_genkey_0=Access-Control-Allow-Credentials Access-Control-Allow-Origin} to DedupeResponseHeader
2025-06-23 10:25:17 - RouteDefinition matched: transaction-service
2025-06-23 10:25:17 - RouteDefinition fine-service applying {_genkey_0=/api/fines/**} to Path
2025-06-23 10:25:17 - RouteDefinition fine-service applying filter {_genkey_0=Access-Control-Allow-Credentials Access-Control-Allow-Origin} to DedupeResponseHeader
2025-06-23 10:25:17 - RouteDefinition matched: fine-service
2025-06-23 10:25:17 - RouteDefinition notification-service applying {_genkey_0=/api/notifications/**} to Path
2025-06-23 10:25:17 - RouteDefinition notification-service applying filter {_genkey_0=Access-Control-Allow-Credentials Access-Control-Allow-Origin} to DedupeResponseHeader
2025-06-23 10:25:17 - RouteDefinition matched: notification-service
2025-06-23 10:25:17 - New routes count: 5
2025-06-23 10:25:24 - Unregistering application API-GATEWAY with eureka with status DOWN
2025-06-23 10:25:24 - Saw local status change event StatusChangeEvent [timestamp=1750654524786, current=DOWN, previous=UP]
2025-06-23 10:25:24 - DiscoveryClient_API-GATEWAY/LTIN624146.cts.com:api-gateway:8080: registering service...
2025-06-23 10:25:24 - Request execution error. endpoint=DefaultEndpoint{ serviceUrl='http://admin:admin@localhost:8761/eureka/} exception=I/O error on POST request for "http://localhost:8761/eureka/apps/API-GATEWAY": The target server failed to respond stacktrace=org.springframework.web.client.ResourceAccessException: I/O error on POST request for "http://localhost:8761/eureka/apps/API-GATEWAY": The target server failed to respond
	at org.springframework.web.client.RestTemplate.createResourceAccessException(RestTemplate.java:905)
	at org.springframework.web.client.RestTemplate.doExecute(RestTemplate.java:885)
	at org.springframework.web.client.RestTemplate.execute(RestTemplate.java:781)
	at org.springframework.web.client.RestTemplate.exchange(RestTemplate.java:663)
	at org.springframework.cloud.netflix.eureka.http.RestTemplateEurekaHttpClient.register(RestTemplateEurekaHttpClient.java:77)
	at com.netflix.discovery.shared.transport.decorator.EurekaHttpClientDecorator$1.execute(EurekaHttpClientDecorator.java:59)
	at com.netflix.discovery.shared.transport.decorator.RedirectingEurekaHttpClient.execute(RedirectingEurekaHttpClient.java:91)
	at com.netflix.discovery.shared.transport.decorator.EurekaHttpClientDecorator.register(EurekaHttpClientDecorator.java:56)
	at com.netflix.discovery.shared.transport.decorator.EurekaHttpClientDecorator$1.execute(EurekaHttpClientDecorator.java:59)
	at com.netflix.discovery.shared.transport.decorator.RetryableEurekaHttpClient.execute(RetryableEurekaHttpClient.java:120)
	at com.netflix.discovery.shared.transport.decorator.EurekaHttpClientDecorator.register(EurekaHttpClientDecorator.java:56)
	at com.netflix.discovery.shared.transport.decorator.EurekaHttpClientDecorator$1.execute(EurekaHttpClientDecorator.java:59)
	at com.netflix.discovery.shared.transport.decorator.SessionedEurekaHttpClient.execute(SessionedEurekaHttpClient.java:77)
	at com.netflix.discovery.shared.transport.decorator.EurekaHttpClientDecorator.register(EurekaHttpClientDecorator.java:56)
	at com.netflix.discovery.DiscoveryClient.register(DiscoveryClient.java:820)
	at com.netflix.discovery.InstanceInfoReplicator.run(InstanceInfoReplicator.java:121)
	at com.netflix.discovery.InstanceInfoReplicator$1.run(InstanceInfoReplicator.java:101)
	at java.base/java.util.concurrent.Executors$RunnableAdapter.call(Executors.java:572)
	at java.base/java.util.concurrent.FutureTask.run(FutureTask.java:317)
	at java.base/java.util.concurrent.ScheduledThreadPoolExecutor$ScheduledFutureTask.run(ScheduledThreadPoolExecutor.java:304)
	at java.base/java.util.concurrent.ThreadPoolExecutor.runWorker(ThreadPoolExecutor.java:1144)
	at java.base/java.util.concurrent.ThreadPoolExecutor$Worker.run(ThreadPoolExecutor.java:642)
	at java.base/java.lang.Thread.run(Thread.java:1583)
Caused by: org.apache.hc.core5.http.NoHttpResponseException: The target server failed to respond
	at org.apache.hc.core5.http.impl.io.DefaultBHttpClientConnection.receiveResponseHeader(DefaultBHttpClientConnection.java:301)
	at org.apache.hc.core5.http.impl.io.HttpRequestExecutor.execute(HttpRequestExecutor.java:175)
	at org.apache.hc.core5.http.impl.io.HttpRequestExecutor.execute(HttpRequestExecutor.java:218)
	at org.apache.hc.client5.http.impl.io.PoolingHttpClientConnectionManager$InternalConnectionEndpoint.execute(PoolingHttpClientConnectionManager.java:712)
	at org.apache.hc.client5.http.impl.classic.InternalExecRuntime.execute(InternalExecRuntime.java:216)
	at org.apache.hc.client5.http.impl.classic.MainClientExec.execute(MainClientExec.java:116)
	at org.apache.hc.client5.http.impl.classic.ExecChainElement.execute(ExecChainElement.java:51)
	at org.apache.hc.client5.http.impl.classic.ConnectExec.execute(ConnectExec.java:188)
	at org.apache.hc.client5.http.impl.classic.ExecChainElement.execute(ExecChainElement.java:51)
	at org.apache.hc.client5.http.impl.classic.ProtocolExec.execute(ProtocolExec.java:192)
	at org.apache.hc.client5.http.impl.classic.ExecChainElement.execute(ExecChainElement.java:51)
	at org.apache.hc.client5.http.impl.classic.HttpRequestRetryExec.execute(HttpRequestRetryExec.java:96)
	at org.apache.hc.client5.http.impl.classic.ExecChainElement.execute(ExecChainElement.java:51)
	at org.apache.hc.client5.http.impl.classic.ContentCompressionExec.execute(ContentCompressionExec.java:152)
	at org.apache.hc.client5.http.impl.classic.ExecChainElement.execute(ExecChainElement.java:51)
	at org.apache.hc.client5.http.impl.classic.RedirectExec.execute(RedirectExec.java:115)
	at org.apache.hc.client5.http.impl.classic.ExecChainElement.execute(ExecChainElement.java:51)
	at org.apache.hc.client5.http.impl.classic.InternalHttpClient.doExecute(InternalHttpClient.java:170)
	at org.apache.hc.client5.http.impl.classic.CloseableHttpClient.execute(CloseableHttpClient.java:87)
	at org.apache.hc.client5.http.impl.classic.CloseableHttpClient.execute(CloseableHttpClient.java:55)
	at org.apache.hc.client5.http.classic.HttpClient.executeOpen(HttpClient.java:183)
	at org.springframework.http.client.HttpComponentsClientHttpRequest.executeInternal(HttpComponentsClientHttpRequest.java:95)
	at org.springframework.http.client.AbstractStreamingClientHttpRequest.executeInternal(AbstractStreamingClientHttpRequest.java:70)
	at org.springframework.http.client.AbstractClientHttpRequest.execute(AbstractClientHttpRequest.java:66)
	at org.springframework.http.client.InterceptingClientHttpRequest$InterceptingRequestExecution.execute(InterceptingClientHttpRequest.java:101)
	at org.springframework.cloud.netflix.eureka.http.RestTemplateTransportClientFactory.lambda$restTemplate$0(RestTemplateTransportClientFactory.java:143)
	at org.springframework.http.client.InterceptingClientHttpRequest$InterceptingRequestExecution.execute(InterceptingClientHttpRequest.java:87)
	at org.springframework.http.client.support.BasicAuthenticationInterceptor.intercept(BasicAuthenticationInterceptor.java:79)
	at org.springframework.http.client.InterceptingClientHttpRequest$InterceptingRequestExecution.execute(InterceptingClientHttpRequest.java:87)
	at org.springframework.http.client.InterceptingClientHttpRequest.executeInternal(InterceptingClientHttpRequest.java:71)
	at org.springframework.http.client.AbstractBufferingClientHttpRequest.executeInternal(AbstractBufferingClientHttpRequest.java:48)
	at org.springframework.http.client.AbstractClientHttpRequest.execute(AbstractClientHttpRequest.java:66)
	at org.springframework.web.client.RestTemplate.doExecute(RestTemplate.java:879)
	... 21 more

2025-06-23 10:25:24 - Request execution failed with message: I/O error on POST request for "http://localhost:8761/eureka/apps/API-GATEWAY": The target server failed to respond
2025-06-23 10:25:25 - Request execution error. endpoint=DefaultEndpoint{ serviceUrl='http://admin:admin@localhost:8761/eureka/}, exception=I/O error on POST request for "http://localhost:8761/eureka/apps/API-GATEWAY": Connection reset stacktrace=org.springframework.web.client.ResourceAccessException: I/O error on POST request for "http://localhost:8761/eureka/apps/API-GATEWAY": Connection reset
	at org.springframework.web.client.RestTemplate.createResourceAccessException(RestTemplate.java:905)
	at org.springframework.web.client.RestTemplate.doExecute(RestTemplate.java:885)
	at org.springframework.web.client.RestTemplate.execute(RestTemplate.java:781)
	at org.springframework.web.client.RestTemplate.exchange(RestTemplate.java:663)
	at org.springframework.cloud.netflix.eureka.http.RestTemplateEurekaHttpClient.register(RestTemplateEurekaHttpClient.java:77)
	at com.netflix.discovery.shared.transport.decorator.EurekaHttpClientDecorator$1.execute(EurekaHttpClientDecorator.java:59)
	at com.netflix.discovery.shared.transport.decorator.RedirectingEurekaHttpClient.executeOnNewServer(RedirectingEurekaHttpClient.java:121)
	at com.netflix.discovery.shared.transport.decorator.RedirectingEurekaHttpClient.execute(RedirectingEurekaHttpClient.java:80)
	at com.netflix.discovery.shared.transport.decorator.EurekaHttpClientDecorator.register(EurekaHttpClientDecorator.java:56)
	at com.netflix.discovery.shared.transport.decorator.EurekaHttpClientDecorator$1.execute(EurekaHttpClientDecorator.java:59)
	at com.netflix.discovery.shared.transport.decorator.RetryableEurekaHttpClient.execute(RetryableEurekaHttpClient.java:120)
	at com.netflix.discovery.shared.transport.decorator.EurekaHttpClientDecorator.register(EurekaHttpClientDecorator.java:56)
	at com.netflix.discovery.shared.transport.decorator.EurekaHttpClientDecorator$1.execute(EurekaHttpClientDecorator.java:59)
	at com.netflix.discovery.shared.transport.decorator.SessionedEurekaHttpClient.execute(SessionedEurekaHttpClient.java:77)
	at com.netflix.discovery.shared.transport.decorator.EurekaHttpClientDecorator.register(EurekaHttpClientDecorator.java:56)
	at com.netflix.discovery.DiscoveryClient.register(DiscoveryClient.java:820)
	at com.netflix.discovery.InstanceInfoReplicator.run(InstanceInfoReplicator.java:121)
	at com.netflix.discovery.InstanceInfoReplicator$1.run(InstanceInfoReplicator.java:101)
	at java.base/java.util.concurrent.Executors$RunnableAdapter.call(Executors.java:572)
	at java.base/java.util.concurrent.FutureTask.run(FutureTask.java:317)
	at java.base/java.util.concurrent.ScheduledThreadPoolExecutor$ScheduledFutureTask.run(ScheduledThreadPoolExecutor.java:304)
	at java.base/java.util.concurrent.ThreadPoolExecutor.runWorker(ThreadPoolExecutor.java:1144)
	at java.base/java.util.concurrent.ThreadPoolExecutor$Worker.run(ThreadPoolExecutor.java:642)
	at java.base/java.lang.Thread.run(Thread.java:1583)
Caused by: java.net.SocketException: Connection reset
	at java.base/sun.nio.ch.NioSocketImpl.implRead(NioSocketImpl.java:318)
	at java.base/sun.nio.ch.NioSocketImpl.read(NioSocketImpl.java:346)
	at java.base/sun.nio.ch.NioSocketImpl$1.read(NioSocketImpl.java:796)
	at java.base/java.net.Socket$SocketInputStream.read(Socket.java:1099)
	at org.apache.hc.core5.http.impl.io.SessionInputBufferImpl.fillBuffer(SessionInputBufferImpl.java:149)
	at org.apache.hc.core5.http.impl.io.SessionInputBufferImpl.readLine(SessionInputBufferImpl.java:280)
	at org.apache.hc.core5.http.impl.io.AbstractMessageParser.parse(AbstractMessageParser.java:247)
	at org.apache.hc.core5.http.impl.io.AbstractMessageParser.parse(AbstractMessageParser.java:54)
	at org.apache.hc.core5.http.impl.io.DefaultBHttpClientConnection.receiveResponseHeader(DefaultBHttpClientConnection.java:299)
	at org.apache.hc.core5.http.impl.io.HttpRequestExecutor.execute(HttpRequestExecutor.java:175)
	at org.apache.hc.core5.http.impl.io.HttpRequestExecutor.execute(HttpRequestExecutor.java:218)
	at org.apache.hc.client5.http.impl.io.PoolingHttpClientConnectionManager$InternalConnectionEndpoint.execute(PoolingHttpClientConnectionManager.java:712)
	at org.apache.hc.client5.http.impl.classic.InternalExecRuntime.execute(InternalExecRuntime.java:216)
	at org.apache.hc.client5.http.impl.classic.MainClientExec.execute(MainClientExec.java:116)
	at org.apache.hc.client5.http.impl.classic.ExecChainElement.execute(ExecChainElement.java:51)
	at org.apache.hc.client5.http.impl.classic.ConnectExec.execute(ConnectExec.java:188)
	at org.apache.hc.client5.http.impl.classic.ExecChainElement.execute(ExecChainElement.java:51)
	at org.apache.hc.client5.http.impl.classic.ProtocolExec.execute(ProtocolExec.java:192)
	at org.apache.hc.client5.http.impl.classic.ExecChainElement.execute(ExecChainElement.java:51)
	at org.apache.hc.client5.http.impl.classic.HttpRequestRetryExec.execute(HttpRequestRetryExec.java:96)
	at org.apache.hc.client5.http.impl.classic.ExecChainElement.execute(ExecChainElement.java:51)
	at org.apache.hc.client5.http.impl.classic.ContentCompressionExec.execute(ContentCompressionExec.java:152)
	at org.apache.hc.client5.http.impl.classic.ExecChainElement.execute(ExecChainElement.java:51)
	at org.apache.hc.client5.http.impl.classic.RedirectExec.execute(RedirectExec.java:115)
	at org.apache.hc.client5.http.impl.classic.ExecChainElement.execute(ExecChainElement.java:51)
	at org.apache.hc.client5.http.impl.classic.InternalHttpClient.doExecute(InternalHttpClient.java:170)
	at org.apache.hc.client5.http.impl.classic.CloseableHttpClient.execute(CloseableHttpClient.java:87)
	at org.apache.hc.client5.http.impl.classic.CloseableHttpClient.execute(CloseableHttpClient.java:55)
	at org.apache.hc.client5.http.classic.HttpClient.executeOpen(HttpClient.java:183)
	at org.springframework.http.client.HttpComponentsClientHttpRequest.executeInternal(HttpComponentsClientHttpRequest.java:95)
	at org.springframework.http.client.AbstractStreamingClientHttpRequest.executeInternal(AbstractStreamingClientHttpRequest.java:70)
	at org.springframework.http.client.AbstractClientHttpRequest.execute(AbstractClientHttpRequest.java:66)
	at org.springframework.http.client.InterceptingClientHttpRequest$InterceptingRequestExecution.execute(InterceptingClientHttpRequest.java:101)
	at org.springframework.cloud.netflix.eureka.http.RestTemplateTransportClientFactory.lambda$restTemplate$0(RestTemplateTransportClientFactory.java:143)
	at org.springframework.http.client.InterceptingClientHttpRequest$InterceptingRequestExecution.execute(InterceptingClientHttpRequest.java:87)
	at org.springframework.http.client.support.BasicAuthenticationInterceptor.intercept(BasicAuthenticationInterceptor.java:79)
	at org.springframework.http.client.InterceptingClientHttpRequest$InterceptingRequestExecution.execute(InterceptingClientHttpRequest.java:87)
	at org.springframework.http.client.InterceptingClientHttpRequest.executeInternal(InterceptingClientHttpRequest.java:71)
	at org.springframework.http.client.AbstractBufferingClientHttpRequest.executeInternal(AbstractBufferingClientHttpRequest.java:48)
	at org.springframework.http.client.AbstractClientHttpRequest.execute(AbstractClientHttpRequest.java:66)
	at org.springframework.web.client.RestTemplate.doExecute(RestTemplate.java:879)
	... 22 more

2025-06-23 10:25:25 - Request execution failed with message: I/O error on POST request for "http://localhost:8761/eureka/apps/API-GATEWAY": Connection reset
2025-06-23 10:25:25 - DiscoveryClient_API-GATEWAY/LTIN624146.cts.com:api-gateway:8080 - registration failed Cannot execute request on any known server
com.netflix.discovery.shared.transport.TransportException: Cannot execute request on any known server
	at com.netflix.discovery.shared.transport.decorator.RetryableEurekaHttpClient.execute(RetryableEurekaHttpClient.java:112)
	at com.netflix.discovery.shared.transport.decorator.EurekaHttpClientDecorator.register(EurekaHttpClientDecorator.java:56)
	at com.netflix.discovery.shared.transport.decorator.EurekaHttpClientDecorator$1.execute(EurekaHttpClientDecorator.java:59)
	at com.netflix.discovery.shared.transport.decorator.SessionedEurekaHttpClient.execute(SessionedEurekaHttpClient.java:77)
	at com.netflix.discovery.shared.transport.decorator.EurekaHttpClientDecorator.register(EurekaHttpClientDecorator.java:56)
	at com.netflix.discovery.DiscoveryClient.register(DiscoveryClient.java:820)
	at com.netflix.discovery.InstanceInfoReplicator.run(InstanceInfoReplicator.java:121)
	at com.netflix.discovery.InstanceInfoReplicator$1.run(InstanceInfoReplicator.java:101)
	at java.base/java.util.concurrent.Executors$RunnableAdapter.call(Executors.java:572)
	at java.base/java.util.concurrent.FutureTask.run(FutureTask.java:317)
	at java.base/java.util.concurrent.ScheduledThreadPoolExecutor$ScheduledFutureTask.run(ScheduledThreadPoolExecutor.java:304)
	at java.base/java.util.concurrent.ThreadPoolExecutor.runWorker(ThreadPoolExecutor.java:1144)
	at java.base/java.util.concurrent.ThreadPoolExecutor$Worker.run(ThreadPoolExecutor.java:642)
	at java.base/java.lang.Thread.run(Thread.java:1583)
2025-06-23 10:25:25 - There was a problem with the instance info replicator
com.netflix.discovery.shared.transport.TransportException: Cannot execute request on any known server
	at com.netflix.discovery.shared.transport.decorator.RetryableEurekaHttpClient.execute(RetryableEurekaHttpClient.java:112)
	at com.netflix.discovery.shared.transport.decorator.EurekaHttpClientDecorator.register(EurekaHttpClientDecorator.java:56)
	at com.netflix.discovery.shared.transport.decorator.EurekaHttpClientDecorator$1.execute(EurekaHttpClientDecorator.java:59)
	at com.netflix.discovery.shared.transport.decorator.SessionedEurekaHttpClient.execute(SessionedEurekaHttpClient.java:77)
	at com.netflix.discovery.shared.transport.decorator.EurekaHttpClientDecorator.register(EurekaHttpClientDecorator.java:56)
	at com.netflix.discovery.DiscoveryClient.register(DiscoveryClient.java:820)
	at com.netflix.discovery.InstanceInfoReplicator.run(InstanceInfoReplicator.java:121)
	at com.netflix.discovery.InstanceInfoReplicator$1.run(InstanceInfoReplicator.java:101)
	at java.base/java.util.concurrent.Executors$RunnableAdapter.call(Executors.java:572)
	at java.base/java.util.concurrent.FutureTask.run(FutureTask.java:317)
	at java.base/java.util.concurrent.ScheduledThreadPoolExecutor$ScheduledFutureTask.run(ScheduledThreadPoolExecutor.java:304)
	at java.base/java.util.concurrent.ThreadPoolExecutor.runWorker(ThreadPoolExecutor.java:1144)
	at java.base/java.util.concurrent.ThreadPoolExecutor$Worker.run(ThreadPoolExecutor.java:642)
	at java.base/java.lang.Thread.run(Thread.java:1583)
2025-06-23 10:25:26 - Shutting down DiscoveryClient ...
[INFO] ------------------------------------------------------------------------
[INFO] BUILD FAILURE
[INFO] ------------------------------------------------------------------------
[INFO] Total time:  04:38 min
[INFO] Finished at: 2025-06-23T10:25:29+05:30
[INFO] ------------------------------------------------------------------------
[ERROR] Failed to execute goal org.springframework.boot:spring-boot-maven-plugin:3.2.0:run (default-cli) on project api-gateway: Process terminated with exit code: 1 -> [Help 1]
[ERROR] 
[ERROR] To see the full stack trace of the errors, re-run Maven with the -e switch.
[ERROR] Re-run Maven using the -X switch to enable full debug logging.
[ERROR] 
[ERROR] For more information about the errors and possible solutions, please read the following articles:
[ERROR] [Help 1] http://cwiki.apache.org/confluence/display/MAVEN/MojoExecutionException
