[INFO] Scanning for projects...
[INFO] 
[INFO] ----------------------< com.library:fine-service >----------------------
[INFO] Building Fine Service 1.0.0
[INFO]   from pom.xml
[INFO] --------------------------------[ jar ]---------------------------------
[INFO] 
[INFO] >>> spring-boot:3.2.0:run (default-cli) > test-compile @ fine-service >>>
[WARNING] The artifact mysql:mysql-connector-java:jar:8.0.33 has been relocated to com.mysql:mysql-connector-j:jar:8.0.33: MySQL Connector/J artifacts moved to reverse-DNS compliant Maven 2+ coordinates.
[INFO] 
[INFO] --- resources:3.3.1:resources (default-resources) @ fine-service ---
[INFO] Copying 1 resource from src\main\resources to target\classes
[INFO] Copying 0 resource from src\main\resources to target\classes
[INFO] 
[INFO] --- compiler:3.11.0:compile (default-compile) @ fine-service ---
[INFO] Changes detected - recompiling the module! :input tree
[INFO] Compiling 12 source files with javac [debug release 21] to target\classes
[INFO] 
[INFO] --- resources:3.3.1:testResources (default-testResources) @ fine-service ---
[INFO] skip non existing resourceDirectory C:\Users\2407071\Desktop\GenC-Project\Library-Management-System-Microservices-Backend\fine-service\src\test\resources
[INFO] 
[INFO] --- compiler:3.11.0:testCompile (default-testCompile) @ fine-service ---
[INFO] Changes detected - recompiling the module! :dependency
[INFO] Compiling 2 source files with javac [debug release 21] to target\test-classes
[INFO] 
[INFO] <<< spring-boot:3.2.0:run (default-cli) < test-compile @ fine-service <<<
[INFO] 
[INFO] 
[INFO] --- spring-boot:3.2.0:run (default-cli) @ fine-service ---
[INFO] Attaching agents: []

  .   ____          _            __ _ _
 /\\ / ___'_ __ _ _(_)_ __  __ _ \ \ \ \
( ( )\___ | '_ | '_| | '_ \/ _` | \ \ \ \
 \\/  ___)| |_)| | | | | || (_| |  ) ) ) )
  '  |____| .__|_| |_|_| |_\__, | / / / /
 =========|_|==============|___/=/_/_/_/
 :: Spring Boot ::                (v3.2.0)

2025-07-13 18:11:17 [main] INFO  c.l.fine.FineServiceApplication - Starting FineServiceApplication using Java 21 with PID 15796 (C:\Users\2407071\Desktop\GenC-Project\Library-Management-System-Microservices-Backend\fine-service\target\classes started by 2407071 in C:\Users\2407071\Desktop\GenC-Project\Library-Management-System-Microservices-Backend\fine-service)
2025-07-13 18:11:17 [main] DEBUG c.l.fine.FineServiceApplication - Running with Spring Boot v3.2.0, Spring v6.1.1
2025-07-13 18:11:17 [main] INFO  c.l.fine.FineServiceApplication - No active profile set, falling back to 1 default profile: "default"
2025-07-13 18:11:18 [main] INFO  o.s.d.r.c.RepositoryConfigurationDelegate - Bootstrapping Spring Data JPA repositories in DEFAULT mode.
2025-07-13 18:11:18 [main] INFO  o.s.d.r.c.RepositoryConfigurationDelegate - Finished Spring Data repository scanning in 100 ms. Found 1 JPA repository interface.
2025-07-13 18:11:18 [main] INFO  o.s.cloud.context.scope.GenericScope - BeanFactory id=31b63ed0-5b9d-3061-84d4-9bb5c7b1a8bd
2025-07-13 18:11:19 [main] WARN  o.s.c.s.PostProcessorRegistrationDelegate$BeanPostProcessorChecker - Bean 'org.springframework.cloud.client.loadbalancer.LoadBalancerAutoConfiguration$LoadBalancerInterceptorConfig' of type [org.springframework.cloud.client.loadbalancer.LoadBalancerAutoConfiguration$LoadBalancerInterceptorConfig] is not eligible for getting processed by all BeanPostProcessors (for example: not eligible for auto-proxying). The currently created BeanPostProcessor [lbRestClientPostProcessor] is declared through a non-static factory method on that class; consider declaring it as static instead.
2025-07-13 18:11:19 [main] WARN  o.s.c.s.PostProcessorRegistrationDelegate$BeanPostProcessorChecker - Bean 'org.springframework.cloud.loadbalancer.config.BlockingLoadBalancerClientAutoConfiguration' of type [org.springframework.cloud.loadbalancer.config.BlockingLoadBalancerClientAutoConfiguration] is not eligible for getting processed by all BeanPostProcessors (for example: not eligible for auto-proxying). Is this bean getting eagerly injected into a currently created BeanPostProcessor [lbRestClientPostProcessor]? Check the corresponding BeanPostProcessor declaration and its dependencies.
2025-07-13 18:11:19 [main] WARN  o.s.c.s.PostProcessorRegistrationDelegate$BeanPostProcessorChecker - Bean 'org.springframework.cloud.loadbalancer.config.LoadBalancerAutoConfiguration' of type [org.springframework.cloud.loadbalancer.config.LoadBalancerAutoConfiguration] is not eligible for getting processed by all BeanPostProcessors (for example: not eligible for auto-proxying). Is this bean getting eagerly injected into a currently created BeanPostProcessor [lbRestClientPostProcessor]? Check the corresponding BeanPostProcessor declaration and its dependencies.
2025-07-13 18:11:19 [main] WARN  o.s.c.s.PostProcessorRegistrationDelegate$BeanPostProcessorChecker - Bean 'org.springframework.cloud.commons.config.CommonsConfigAutoConfiguration' of type [org.springframework.cloud.commons.config.CommonsConfigAutoConfiguration] is not eligible for getting processed by all BeanPostProcessors (for example: not eligible for auto-proxying). Is this bean getting eagerly injected into a currently created BeanPostProcessor [lbRestClientPostProcessor]? Check the corresponding BeanPostProcessor declaration and its dependencies.
2025-07-13 18:11:19 [main] WARN  o.s.c.s.PostProcessorRegistrationDelegate$BeanPostProcessorChecker - Bean 'org.springframework.cloud.client.loadbalancer.LoadBalancerDefaultMappingsProviderAutoConfiguration' of type [org.springframework.cloud.client.loadbalancer.LoadBalancerDefaultMappingsProviderAutoConfiguration] is not eligible for getting processed by all BeanPostProcessors (for example: not eligible for auto-proxying). Is this bean getting eagerly injected into a currently created BeanPostProcessor [lbRestClientPostProcessor]? Check the corresponding BeanPostProcessor declaration and its dependencies.
2025-07-13 18:11:19 [main] WARN  o.s.c.s.PostProcessorRegistrationDelegate$BeanPostProcessorChecker - Bean 'loadBalancerClientsDefaultsMappingsProvider' of type [org.springframework.cloud.client.loadbalancer.LoadBalancerDefaultMappingsProviderAutoConfiguration$$Lambda/0x00000267064b07b0] is not eligible for getting processed by all BeanPostProcessors (for example: not eligible for auto-proxying). Is this bean getting eagerly injected into a currently created BeanPostProcessor [lbRestClientPostProcessor]? Check the corresponding BeanPostProcessor declaration and its dependencies.
2025-07-13 18:11:19 [main] WARN  o.s.c.s.PostProcessorRegistrationDelegate$BeanPostProcessorChecker - Bean 'defaultsBindHandlerAdvisor' of type [org.springframework.cloud.commons.config.DefaultsBindHandlerAdvisor] is not eligible for getting processed by all BeanPostProcessors (for example: not eligible for auto-proxying). Is this bean getting eagerly injected into a currently created BeanPostProcessor [lbRestClientPostProcessor]? Check the corresponding BeanPostProcessor declaration and its dependencies.
2025-07-13 18:11:19 [main] WARN  o.s.c.s.PostProcessorRegistrationDelegate$BeanPostProcessorChecker - Bean 'spring.cloud.loadbalancer-org.springframework.cloud.client.loadbalancer.LoadBalancerClientsProperties' of type [org.springframework.cloud.client.loadbalancer.LoadBalancerClientsProperties] is not eligible for getting processed by all BeanPostProcessors (for example: not eligible for auto-proxying). Is this bean getting eagerly injected into a currently created BeanPostProcessor [lbRestClientPostProcessor]? Check the corresponding BeanPostProcessor declaration and its dependencies.
2025-07-13 18:11:19 [main] WARN  o.s.c.s.PostProcessorRegistrationDelegate$BeanPostProcessorChecker - Bean 'default.org.springframework.cloud.loadbalancer.config.LoadBalancerAutoConfiguration.LoadBalancerClientSpecification' of type [org.springframework.cloud.loadbalancer.annotation.LoadBalancerClientSpecification] is not eligible for getting processed by all BeanPostProcessors (for example: not eligible for auto-proxying). Is this bean getting eagerly injected into a currently created BeanPostProcessor [lbRestClientPostProcessor]? Check the corresponding BeanPostProcessor declaration and its dependencies.
2025-07-13 18:11:19 [main] WARN  o.s.c.s.PostProcessorRegistrationDelegate$BeanPostProcessorChecker - Bean 'default.org.springframework.cloud.loadbalancer.config.BlockingLoadBalancerClientAutoConfiguration.LoadBalancerClientSpecification' of type [org.springframework.cloud.loadbalancer.annotation.LoadBalancerClientSpecification] is not eligible for getting processed by all BeanPostProcessors (for example: not eligible for auto-proxying). Is this bean getting eagerly injected into a currently created BeanPostProcessor [lbRestClientPostProcessor]? Check the corresponding BeanPostProcessor declaration and its dependencies.
2025-07-13 18:11:19 [main] WARN  o.s.c.s.PostProcessorRegistrationDelegate$BeanPostProcessorChecker - Bean 'default.org.springframework.cloud.netflix.eureka.loadbalancer.LoadBalancerEurekaAutoConfiguration.LoadBalancerClientSpecification' of type [org.springframework.cloud.loadbalancer.annotation.LoadBalancerClientSpecification] is not eligible for getting processed by all BeanPostProcessors (for example: not eligible for auto-proxying). Is this bean getting eagerly injected into a currently created BeanPostProcessor [lbRestClientPostProcessor]? Check the corresponding BeanPostProcessor declaration and its dependencies.
2025-07-13 18:11:19 [main] WARN  o.s.c.s.PostProcessorRegistrationDelegate$BeanPostProcessorChecker - Bean 'loadBalancerClientFactory' of type [org.springframework.cloud.loadbalancer.support.LoadBalancerClientFactory] is not eligible for getting processed by all BeanPostProcessors (for example: not eligible for auto-proxying). Is this bean getting eagerly injected into a currently created BeanPostProcessor [lbRestClientPostProcessor]? Check the corresponding BeanPostProcessor declaration and its dependencies.
2025-07-13 18:11:19 [main] WARN  o.s.c.s.PostProcessorRegistrationDelegate$BeanPostProcessorChecker - Bean 'blockingLoadBalancerClient' of type [org.springframework.cloud.loadbalancer.blocking.client.BlockingLoadBalancerClient] is not eligible for getting processed by all BeanPostProcessors (for example: not eligible for auto-proxying). Is this bean getting eagerly injected into a currently created BeanPostProcessor [lbRestClientPostProcessor]? Check the corresponding BeanPostProcessor declaration and its dependencies.
2025-07-13 18:11:19 [main] WARN  o.s.c.s.PostProcessorRegistrationDelegate$BeanPostProcessorChecker - Bean 'loadBalancerServiceInstanceCookieTransformer' of type [org.springframework.cloud.loadbalancer.core.LoadBalancerServiceInstanceCookieTransformer] is not eligible for getting processed by all BeanPostProcessors (for example: not eligible for auto-proxying). Is this bean getting eagerly injected into a currently created BeanPostProcessor [lbRestClientPostProcessor]? Check the corresponding BeanPostProcessor declaration and its dependencies.
2025-07-13 18:11:19 [main] WARN  o.s.c.s.PostProcessorRegistrationDelegate$BeanPostProcessorChecker - Bean 'xForwarderHeadersTransformer' of type [org.springframework.cloud.loadbalancer.blocking.XForwardedHeadersTransformer] is not eligible for getting processed by all BeanPostProcessors (for example: not eligible for auto-proxying). Is this bean getting eagerly injected into a currently created BeanPostProcessor [lbRestClientPostProcessor]? Check the corresponding BeanPostProcessor declaration and its dependencies.
2025-07-13 18:11:19 [main] WARN  o.s.c.s.PostProcessorRegistrationDelegate$BeanPostProcessorChecker - Bean 'org.springframework.cloud.client.loadbalancer.LoadBalancerAutoConfiguration' of type [org.springframework.cloud.client.loadbalancer.LoadBalancerAutoConfiguration] is not eligible for getting processed by all BeanPostProcessors (for example: not eligible for auto-proxying). Is this bean getting eagerly injected into a currently created BeanPostProcessor [lbRestClientPostProcessor]? Check the corresponding BeanPostProcessor declaration and its dependencies.
2025-07-13 18:11:19 [main] WARN  o.s.c.s.PostProcessorRegistrationDelegate$BeanPostProcessorChecker - Bean 'loadBalancerRequestFactory' of type [org.springframework.cloud.client.loadbalancer.LoadBalancerRequestFactory] is not eligible for getting processed by all BeanPostProcessors (for example: not eligible for auto-proxying). Is this bean getting eagerly injected into a currently created BeanPostProcessor [lbRestClientPostProcessor]? Check the corresponding BeanPostProcessor declaration and its dependencies.
2025-07-13 18:11:19 [main] WARN  o.s.c.s.PostProcessorRegistrationDelegate$BeanPostProcessorChecker - Bean 'loadBalancerInterceptor' of type [org.springframework.cloud.client.loadbalancer.LoadBalancerInterceptor] is not eligible for getting processed by all BeanPostProcessors (for example: not eligible for auto-proxying). Is this bean getting eagerly injected into a currently created BeanPostProcessor [lbRestClientPostProcessor]? Check the corresponding BeanPostProcessor declaration and its dependencies.
2025-07-13 18:11:19 [main] INFO  o.s.b.w.e.tomcat.TomcatWebServer - Tomcat initialized with port 8084 (http)
2025-07-13 18:11:19 [main] INFO  o.a.catalina.core.StandardService - Starting service [Tomcat]
2025-07-13 18:11:19 [main] INFO  o.a.catalina.core.StandardEngine - Starting Servlet engine: [Apache Tomcat/10.1.16]
2025-07-13 18:11:19 [main] INFO  o.a.c.c.C.[Tomcat].[localhost].[/] - Initializing Spring embedded WebApplicationContext
2025-07-13 18:11:19 [main] INFO  o.s.b.w.s.c.ServletWebServerApplicationContext - Root WebApplicationContext: initialization completed in 1715 ms
2025-07-13 18:11:19 [main] INFO  o.h.jpa.internal.util.LogHelper - HHH000204: Processing PersistenceUnitInfo [name: default]
2025-07-13 18:11:19 [main] INFO  org.hibernate.Version - HHH000412: Hibernate ORM core version 6.3.1.Final
2025-07-13 18:11:19 [main] INFO  o.h.c.i.RegionFactoryInitiator - HHH000026: Second-level cache disabled
2025-07-13 18:11:19 [main] INFO  o.s.o.j.p.SpringPersistenceUnitInfo - No LoadTimeWeaver setup: ignoring JPA class transformer
2025-07-13 18:11:19 [main] INFO  com.zaxxer.hikari.HikariDataSource - HikariPool-1 - Starting...
2025-07-13 18:11:20 [main] INFO  com.zaxxer.hikari.pool.HikariPool - HikariPool-1 - Added connection com.mysql.cj.jdbc.ConnectionImpl@50d4775b
2025-07-13 18:11:20 [main] INFO  com.zaxxer.hikari.HikariDataSource - HikariPool-1 - Start completed.
2025-07-13 18:11:20 [main] WARN  org.hibernate.orm.deprecation - HHH90000025: MySQLDialect does not need to be specified explicitly using 'hibernate.dialect' (remove the property setting and it will be selected by default)
2025-07-13 18:11:20 [main] INFO  o.h.e.t.j.p.i.JtaPlatformInitiator - HHH000489: No JTA platform available (set 'hibernate.transaction.jta.platform' to enable JTA platform integration)
2025-07-13 18:11:21 [main] INFO  o.s.o.j.LocalContainerEntityManagerFactoryBean - Initialized JPA EntityManagerFactory for persistence unit 'default'
2025-07-13 18:11:21 [main] INFO  o.s.d.j.r.query.QueryEnhancerFactory - Hibernate is in classpath; If applicable, HQL parser will be used.
2025-07-13 18:11:21 [main] WARN  o.s.b.a.o.j.JpaBaseConfiguration$JpaWebConfiguration - spring.jpa.open-in-view is enabled by default. Therefore, database queries may be performed during view rendering. Explicitly configure spring.jpa.open-in-view to disable this warning
2025-07-13 18:11:21 [main] INFO  o.s.c.o.FeignClientFactoryBean - For 'transaction-service' URL not provided. Will try picking an instance via load-balancing.
2025-07-13 18:11:22 [main] INFO  o.s.c.n.e.c.DiscoveryClientOptionalArgsConfiguration - Eureka HTTP Client uses RestTemplate.
2025-07-13 18:11:22 [main] WARN  o.s.c.l.c.LoadBalancerCacheAutoConfiguration$LoadBalancerCaffeineWarnLogger - Spring Cloud LoadBalancer is currently working with the default cache. While this cache implementation is useful for development and tests, it's recommended to use Caffeine cache in production.You can switch to using Caffeine cache, by adding it and org.springframework.cache.caffeine.CaffeineCacheManager to the classpath.
2025-07-13 18:11:22 [main] INFO  o.s.b.a.e.web.EndpointLinksResolver - Exposing 2 endpoint(s) beneath base path '/actuator'
2025-07-13 18:11:22 [main] INFO  o.s.c.n.eureka.InstanceInfoFactory - Setting initial instance status as: STARTING
2025-07-13 18:11:22 [main] INFO  c.netflix.discovery.DiscoveryClient - Initializing Eureka in region us-east-1
2025-07-13 18:11:22 [main] INFO  c.n.d.s.r.aws.ConfigClusterResolver - Resolving eureka endpoints via configuration
2025-07-13 18:11:22 [main] INFO  c.netflix.discovery.DiscoveryClient - Disable delta property : false
2025-07-13 18:11:22 [main] INFO  c.netflix.discovery.DiscoveryClient - Single vip registry refresh property : null
2025-07-13 18:11:22 [main] INFO  c.netflix.discovery.DiscoveryClient - Force full registry fetch : false
2025-07-13 18:11:22 [main] INFO  c.netflix.discovery.DiscoveryClient - Application is null : false
2025-07-13 18:11:22 [main] INFO  c.netflix.discovery.DiscoveryClient - Registered Applications size is zero : true
2025-07-13 18:11:22 [main] INFO  c.netflix.discovery.DiscoveryClient - Application version is -1: true
2025-07-13 18:11:22 [main] INFO  c.netflix.discovery.DiscoveryClient - Getting all instance registry info from the eureka server
2025-07-13 18:11:23 [main] INFO  c.netflix.discovery.DiscoveryClient - The response status is 200
2025-07-13 18:11:23 [main] INFO  c.netflix.discovery.DiscoveryClient - Starting heartbeat executor: renew interval is: 10
2025-07-13 18:11:23 [main] INFO  c.n.discovery.InstanceInfoReplicator - InstanceInfoReplicator onDemand update allowed rate per min is 4
2025-07-13 18:11:23 [main] INFO  c.netflix.discovery.DiscoveryClient - Discovery Client initialized at timestamp 1752410483182 with initial instances count: 3
2025-07-13 18:11:23 [main] INFO  o.s.c.n.e.s.EurekaServiceRegistry - Registering application FINE-SERVICE with eureka with status UP
2025-07-13 18:11:23 [main] INFO  c.netflix.discovery.DiscoveryClient - Saw local status change event StatusChangeEvent [timestamp=1752410483198, current=UP, previous=STARTING]
2025-07-13 18:11:23 [DiscoveryClient-InstanceInfoReplicator-0] INFO  c.netflix.discovery.DiscoveryClient - DiscoveryClient_FINE-SERVICE/LTIN624146.cts.com:fine-service:8084: registering service...
2025-07-13 18:11:23 [main] INFO  o.s.b.w.e.tomcat.TomcatWebServer - Tomcat started on port 8084 (http) with context path ''
2025-07-13 18:11:23 [main] INFO  o.s.c.n.e.s.EurekaAutoServiceRegistration - Updating port to 8084
2025-07-13 18:11:23 [main] INFO  c.l.fine.FineServiceApplication - Started FineServiceApplication in 5.885 seconds (process running for 6.214)
2025-07-13 18:11:23 [DiscoveryClient-InstanceInfoReplicator-0] INFO  c.netflix.discovery.DiscoveryClient - DiscoveryClient_FINE-SERVICE/LTIN624146.cts.com:fine-service:8084 - registration status: 204
2025-07-13 18:12:39 [http-nio-8084-exec-1] INFO  o.a.c.c.C.[Tomcat].[localhost].[/] - Initializing Spring DispatcherServlet 'dispatcherServlet'
2025-07-13 18:12:39 [http-nio-8084-exec-1] INFO  o.s.web.servlet.DispatcherServlet - Initializing Servlet 'dispatcherServlet'
2025-07-13 18:12:39 [http-nio-8084-exec-1] INFO  o.s.web.servlet.DispatcherServlet - Completed initialization in 0 ms
2025-07-13 18:14:16 [http-nio-8084-exec-1] INFO  o.s.api.AbstractOpenApiResource - Init duration for springdoc-openapi is: 194 ms
Hibernate: select f1_0.fine_id,f1_0.amount,f1_0.fine_type,f1_0.member_id,f1_0.paid_date,f1_0.status,f1_0.transaction_date,f1_0.transaction_id from fines f1_0
2025-07-13 18:16:22 [AsyncResolver-bootstrap-executor-0] INFO  c.n.d.s.r.aws.ConfigClusterResolver - Resolving eureka endpoints via configuration
Hibernate: select f1_0.fine_id,f1_0.amount,f1_0.fine_type,f1_0.member_id,f1_0.paid_date,f1_0.status,f1_0.transaction_date,f1_0.transaction_id from fines f1_0
Hibernate: select f1_0.fine_id,f1_0.amount,f1_0.fine_type,f1_0.member_id,f1_0.paid_date,f1_0.status,f1_0.transaction_date,f1_0.transaction_id from fines f1_0
Hibernate: select f1_0.fine_id,f1_0.amount,f1_0.fine_type,f1_0.member_id,f1_0.paid_date,f1_0.status,f1_0.transaction_date,f1_0.transaction_id from fines f1_0 where f1_0.transaction_id=? and f1_0.fine_type=?
Hibernate: insert into fines (amount,fine_type,member_id,paid_date,status,transaction_date,transaction_id) values (?,?,?,?,?,?,?)
Processing overdue fines at: 2025-07-13T18:17:30.921370200
Hibernate: select f1_0.fine_id,f1_0.amount,f1_0.fine_type,f1_0.member_id,f1_0.paid_date,f1_0.status,f1_0.transaction_date,f1_0.transaction_id from fines f1_0
Hibernate: select f1_0.fine_id,f1_0.amount,f1_0.fine_type,f1_0.member_id,f1_0.paid_date,f1_0.status,f1_0.transaction_date,f1_0.transaction_id from fines f1_0 where f1_0.fine_id=?
Hibernate: update fines set amount=?,fine_type=?,member_id=?,paid_date=?,status=?,transaction_date=?,transaction_id=? where fine_id=?
Hibernate: select f1_0.fine_id,f1_0.amount,f1_0.fine_type,f1_0.member_id,f1_0.paid_date,f1_0.status,f1_0.transaction_date,f1_0.transaction_id from fines f1_0 where f1_0.fine_id=?
Hibernate: update fines set amount=?,fine_type=?,member_id=?,paid_date=?,status=?,transaction_date=?,transaction_id=? where fine_id=?
Hibernate: select f1_0.fine_id,f1_0.amount,f1_0.fine_type,f1_0.member_id,f1_0.paid_date,f1_0.status,f1_0.transaction_date,f1_0.transaction_id from fines f1_0 where f1_0.fine_id=?
Hibernate: update fines set amount=?,fine_type=?,member_id=?,paid_date=?,status=?,transaction_date=?,transaction_id=? where fine_id=?
2025-07-13 18:17:37 [http-nio-8084-exec-4] WARN  o.h.e.jdbc.spi.SqlExceptionHelper - SQL Error: 1265, SQLState: 01000
2025-07-13 18:17:37 [http-nio-8084-exec-4] ERROR o.h.e.jdbc.spi.SqlExceptionHelper - Data truncated for column 'status' at row 1
Hibernate: select f1_0.fine_id,f1_0.amount,f1_0.fine_type,f1_0.member_id,f1_0.paid_date,f1_0.status,f1_0.transaction_date,f1_0.transaction_id from fines f1_0 where f1_0.fine_id=?
Hibernate: update fines set amount=?,fine_type=?,member_id=?,paid_date=?,status=?,transaction_date=?,transaction_id=? where fine_id=?
2025-07-13 18:17:39 [http-nio-8084-exec-3] WARN  o.h.e.jdbc.spi.SqlExceptionHelper - SQL Error: 1265, SQLState: 01000
2025-07-13 18:17:39 [http-nio-8084-exec-3] ERROR o.h.e.jdbc.spi.SqlExceptionHelper - Data truncated for column 'status' at row 1
Hibernate: select f1_0.fine_id,f1_0.amount,f1_0.fine_type,f1_0.member_id,f1_0.paid_date,f1_0.status,f1_0.transaction_date,f1_0.transaction_id from fines f1_0 where f1_0.fine_id=?
Hibernate: update fines set amount=?,fine_type=?,member_id=?,paid_date=?,status=?,transaction_date=?,transaction_id=? where fine_id=?
2025-07-13 18:17:39 [http-nio-8084-exec-9] WARN  o.h.e.jdbc.spi.SqlExceptionHelper - SQL Error: 1265, SQLState: 01000
2025-07-13 18:17:39 [http-nio-8084-exec-9] ERROR o.h.e.jdbc.spi.SqlExceptionHelper - Data truncated for column 'status' at row 1
Hibernate: select f1_0.fine_id,f1_0.amount,f1_0.fine_type,f1_0.member_id,f1_0.paid_date,f1_0.status,f1_0.transaction_date,f1_0.transaction_id from fines f1_0 where f1_0.fine_id=?
Hibernate: update fines set amount=?,fine_type=?,member_id=?,paid_date=?,status=?,transaction_date=?,transaction_id=? where fine_id=?
2025-07-13 18:17:39 [http-nio-8084-exec-6] WARN  o.h.e.jdbc.spi.SqlExceptionHelper - SQL Error: 1265, SQLState: 01000
2025-07-13 18:17:39 [http-nio-8084-exec-6] ERROR o.h.e.jdbc.spi.SqlExceptionHelper - Data truncated for column 'status' at row 1
Hibernate: select f1_0.fine_id,f1_0.amount,f1_0.fine_type,f1_0.member_id,f1_0.paid_date,f1_0.status,f1_0.transaction_date,f1_0.transaction_id from fines f1_0 where f1_0.fine_id=?
Hibernate: update fines set amount=?,fine_type=?,member_id=?,paid_date=?,status=?,transaction_date=?,transaction_id=? where fine_id=?
2025-07-13 18:17:40 [http-nio-8084-exec-10] WARN  o.h.e.jdbc.spi.SqlExceptionHelper - SQL Error: 1265, SQLState: 01000
2025-07-13 18:17:40 [http-nio-8084-exec-10] ERROR o.h.e.jdbc.spi.SqlExceptionHelper - Data truncated for column 'status' at row 1
Hibernate: select f1_0.fine_id,f1_0.amount,f1_0.fine_type,f1_0.member_id,f1_0.paid_date,f1_0.status,f1_0.transaction_date,f1_0.transaction_id from fines f1_0 where f1_0.fine_id=?
Hibernate: update fines set amount=?,fine_type=?,member_id=?,paid_date=?,status=?,transaction_date=?,transaction_id=? where fine_id=?
2025-07-13 18:17:40 [http-nio-8084-exec-8] WARN  o.h.e.jdbc.spi.SqlExceptionHelper - SQL Error: 1265, SQLState: 01000
2025-07-13 18:17:40 [http-nio-8084-exec-8] ERROR o.h.e.jdbc.spi.SqlExceptionHelper - Data truncated for column 'status' at row 1
Hibernate: select f1_0.fine_id,f1_0.amount,f1_0.fine_type,f1_0.member_id,f1_0.paid_date,f1_0.status,f1_0.transaction_date,f1_0.transaction_id from fines f1_0 where f1_0.fine_id=?
Hibernate: update fines set amount=?,fine_type=?,member_id=?,paid_date=?,status=?,transaction_date=?,transaction_id=? where fine_id=?
2025-07-13 18:17:41 [http-nio-8084-exec-1] WARN  o.h.e.jdbc.spi.SqlExceptionHelper - SQL Error: 1265, SQLState: 01000
2025-07-13 18:17:41 [http-nio-8084-exec-1] ERROR o.h.e.jdbc.spi.SqlExceptionHelper - Data truncated for column 'status' at row 1
Hibernate: select f1_0.fine_id,f1_0.amount,f1_0.fine_type,f1_0.member_id,f1_0.paid_date,f1_0.status,f1_0.transaction_date,f1_0.transaction_id from fines f1_0 where f1_0.fine_id=?
Hibernate: update fines set amount=?,fine_type=?,member_id=?,paid_date=?,status=?,transaction_date=?,transaction_id=? where fine_id=?
2025-07-13 18:17:41 [http-nio-8084-exec-2] WARN  o.h.e.jdbc.spi.SqlExceptionHelper - SQL Error: 1265, SQLState: 01000
2025-07-13 18:17:41 [http-nio-8084-exec-2] ERROR o.h.e.jdbc.spi.SqlExceptionHelper - Data truncated for column 'status' at row 1
Hibernate: select f1_0.fine_id,f1_0.amount,f1_0.fine_type,f1_0.member_id,f1_0.paid_date,f1_0.status,f1_0.transaction_date,f1_0.transaction_id from fines f1_0 where f1_0.fine_id=?
Hibernate: update fines set amount=?,fine_type=?,member_id=?,paid_date=?,status=?,transaction_date=?,transaction_id=? where fine_id=?
2025-07-13 18:17:42 [http-nio-8084-exec-5] WARN  o.h.e.jdbc.spi.SqlExceptionHelper - SQL Error: 1265, SQLState: 01000
2025-07-13 18:17:42 [http-nio-8084-exec-5] ERROR o.h.e.jdbc.spi.SqlExceptionHelper - Data truncated for column 'status' at row 1
Hibernate: select f1_0.fine_id,f1_0.amount,f1_0.fine_type,f1_0.member_id,f1_0.paid_date,f1_0.status,f1_0.transaction_date,f1_0.transaction_id from fines f1_0 where f1_0.fine_id=?
Hibernate: update fines set amount=?,fine_type=?,member_id=?,paid_date=?,status=?,transaction_date=?,transaction_id=? where fine_id=?
Hibernate: select f1_0.fine_id,f1_0.amount,f1_0.fine_type,f1_0.member_id,f1_0.paid_date,f1_0.status,f1_0.transaction_date,f1_0.transaction_id from fines f1_0 where f1_0.fine_id=?
Hibernate: update fines set amount=?,fine_type=?,member_id=?,paid_date=?,status=?,transaction_date=?,transaction_id=? where fine_id=?
Hibernate: select f1_0.fine_id,f1_0.amount,f1_0.fine_type,f1_0.member_id,f1_0.paid_date,f1_0.status,f1_0.transaction_date,f1_0.transaction_id from fines f1_0 where f1_0.fine_id=?
Hibernate: update fines set amount=?,fine_type=?,member_id=?,paid_date=?,status=?,transaction_date=?,transaction_id=? where fine_id=?
2025-07-13 18:18:12 [http-nio-8084-exec-3] WARN  o.h.e.jdbc.spi.SqlExceptionHelper - SQL Error: 1265, SQLState: 01000
2025-07-13 18:18:12 [http-nio-8084-exec-3] ERROR o.h.e.jdbc.spi.SqlExceptionHelper - Data truncated for column 'status' at row 1
Hibernate: select f1_0.fine_id,f1_0.amount,f1_0.fine_type,f1_0.member_id,f1_0.paid_date,f1_0.status,f1_0.transaction_date,f1_0.transaction_id from fines f1_0 where f1_0.fine_id=?
Hibernate: update fines set amount=?,fine_type=?,member_id=?,paid_date=?,status=?,transaction_date=?,transaction_id=? where fine_id=?
2025-07-13 18:18:12 [http-nio-8084-exec-9] WARN  o.h.e.jdbc.spi.SqlExceptionHelper - SQL Error: 1265, SQLState: 01000
2025-07-13 18:18:12 [http-nio-8084-exec-9] ERROR o.h.e.jdbc.spi.SqlExceptionHelper - Data truncated for column 'status' at row 1
Hibernate: select f1_0.fine_id,f1_0.amount,f1_0.fine_type,f1_0.member_id,f1_0.paid_date,f1_0.status,f1_0.transaction_date,f1_0.transaction_id from fines f1_0
Hibernate: select f1_0.fine_id,f1_0.amount,f1_0.fine_type,f1_0.member_id,f1_0.paid_date,f1_0.status,f1_0.transaction_date,f1_0.transaction_id from fines f1_0
